Archive member included to satisfy reference by file (symbol)

app/libapp.a(main.c.obj)      (--whole-archive)
zephyr/libzephyr.a(validate_libc.c.obj)
                              (--whole-archive)
zephyr/libzephyr.a(heap.c.obj)
                              (--whole-archive)
zephyr/libzephyr.a(cbprintf_packaged.c.obj)
                              (--whole-archive)
zephyr/libzephyr.a(clock.c.obj)
                              (--whole-archive)
zephyr/libzephyr.a(printk.c.obj)
                              (--whole-archive)
zephyr/libzephyr.a(sem.c.obj)
                              (--whole-archive)
zephyr/libzephyr.a(thread_entry.c.obj)
                              (--whole-archive)
zephyr/libzephyr.a(cbprintf_complete.c.obj)
                              (--whole-archive)
zephyr/libzephyr.a(cbprintf.c.obj)
                              (--whole-archive)
zephyr/libzephyr.a(assert.c.obj)
                              (--whole-archive)
zephyr/libzephyr.a(dec.c.obj)
                              (--whole-archive)
zephyr/libzephyr.a(hex.c.obj)
                              (--whole-archive)
zephyr/libzephyr.a(rb.c.obj)  (--whole-archive)
zephyr/libzephyr.a(set.c.obj)
                              (--whole-archive)
zephyr/libzephyr.a(timeutil.c.obj)
                              (--whole-archive)
zephyr/libzephyr.a(bitarray.c.obj)
                              (--whole-archive)
zephyr/libzephyr.a(bitmask.c.obj)
                              (--whole-archive)
zephyr/libzephyr.a(getopt.c.obj)
                              (--whole-archive)
zephyr/libzephyr.a(getopt_common.c.obj)
                              (--whole-archive)
zephyr/libzephyr.a(ring_buffer.c.obj)
                              (--whole-archive)
zephyr/libzephyr.a(configs.c.obj)
                              (--whole-archive)
zephyr/libzephyr.a(log_core.c.obj)
                              (--whole-archive)
zephyr/libzephyr.a(log_mgmt.c.obj)
                              (--whole-archive)
zephyr/libzephyr.a(log_cache.c.obj)
                              (--whole-archive)
zephyr/libzephyr.a(log_msg.c.obj)
                              (--whole-archive)
zephyr/libzephyr.a(log_output.c.obj)
                              (--whole-archive)
zephyr/libzephyr.a(log_backend_native_posix.c.obj)
                              (--whole-archive)
zephyr/libzephyr.a(tracing_none.c.obj)
                              (--whole-archive)
zephyr/arch/common/libarch__common.a(init.c.obj)
                              (--whole-archive)
zephyr/arch/arch/posix/core/libarch__posix__core.a(cpuhalt.c.obj)
                              (--whole-archive)
zephyr/arch/arch/posix/core/libarch__posix__core.a(fatal.c.obj)
                              (--whole-archive)
zephyr/arch/arch/posix/core/libarch__posix__core.a(irq.c.obj)
                              (--whole-archive)
zephyr/arch/arch/posix/core/libarch__posix__core.a(swap.c.obj)
                              (--whole-archive)
zephyr/arch/arch/posix/core/libarch__posix__core.a(thread.c.obj)
                              (--whole-archive)
zephyr/arch/arch/posix/core/libarch__posix__core.a(posix_core_nsi.c.obj)
                              (--whole-archive)
zephyr/soc/soc/native/libsoc__native__inf_clock.a(soc.c.obj)
                              (--whole-archive)
zephyr/soc/soc/native/libsoc__native__inf_clock.a(native_tasks.c.obj)
                              (--whole-archive)
zephyr/soc/soc/native/libsoc__native__inf_clock.a(native_remap.c.obj)
                              (--whole-archive)
zephyr/boards/native/native_sim/libboards__native__native_sim.a(cmdline.c.obj)
                              (--whole-archive)
zephyr/boards/native/native_sim/libboards__native__native_sim.a(cpu_wait.c.obj)
                              (--whole-archive)
zephyr/boards/native/native_sim/libboards__native__native_sim.a(nsi_if.c.obj)
                              (--whole-archive)
zephyr/boards/native/native_sim/libboards__native__native_sim.a(irq_handler.c.obj)
                              (--whole-archive)
zephyr/boards/native/native_sim/libboards__native__native_sim.a(misc.c.obj)
                              (--whole-archive)
zephyr/boards/native/native_sim/libboards__native__native_sim.a(posix_arch_if.c.obj)
                              (--whole-archive)
zephyr/subsys/testsuite/ztest/libsubsys__testsuite__ztest.a(ztest.c.obj)
                              (--whole-archive)
zephyr/subsys/testsuite/ztest/libsubsys__testsuite__ztest.a(ztest_error_hook.c.obj)
                              (--whole-archive)
zephyr/subsys/testsuite/ztest/libsubsys__testsuite__ztest.a(ztest_rules.c.obj)
                              (--whole-archive)
zephyr/subsys/testsuite/ztest/libsubsys__testsuite__ztest.a(ztest_posix.c.obj)
                              (--whole-archive)
zephyr/subsys/zbus/libsubsys__zbus.a(zbus.c.obj)
                              (--whole-archive)
zephyr/subsys/zbus/libsubsys__zbus.a(zbus_runtime_observers.c.obj)
[...]
Memory Configuration

Name             Origin             Length             Attributes
*default*        0x0000000000000000 0xffffffffffffffff

Linker script and memory map


.note.gnu.build-id
 *(SORT_BY_ALIGNMENT(.note.gnu.build-id))

.interp
 *(SORT_BY_ALIGNMENT(.interp))

.hash
 *(SORT_BY_ALIGNMENT(.hash))

.gnu.hash
 *(SORT_BY_ALIGNMENT(.gnu.hash))

.dynsym
 *(SORT_BY_ALIGNMENT(.dynsym))

.dynstr
 *(SORT_BY_ALIGNMENT(.dynstr))

.gnu.version
 *(SORT_BY_ALIGNMENT(.gnu.version))

.gnu.version_d
 *(SORT_BY_ALIGNMENT(.gnu.version_d))

.gnu.version_r
 *(SORT_BY_ALIGNMENT(.gnu.version_r))

.rela.init
 *(SORT_BY_ALIGNMENT(.rela.init))

.rela.text
 *(SORT_BY_ALIGNMENT(.rela.text))

.rela.fini
 *(SORT_BY_ALIGNMENT(.rela.fini))

.rela.rodata
 *(SORT_BY_ALIGNMENT(.rela.rodata))

.rela.data.rel.ro
 *(SORT_BY_ALIGNMENT(.rela.data.rel.ro))

.rela.data
 *(SORT_BY_ALIGNMENT(.rela.data))

.rela.tdata
 *(SORT_BY_ALIGNMENT(.rela.tdata))

.rela.tbss
 *(SORT_BY_ALIGNMENT(.rela.tbss))

.rela.ctors
 *(SORT_BY_ALIGNMENT(.rela.ctors))

.rela.dtors
 *(SORT_BY_ALIGNMENT(.rela.dtors))

.rela.got
 *(SORT_BY_ALIGNMENT(.rela.got))

.rela.bss
 *(SORT_BY_ALIGNMENT(.rela.bss))

.rela.ldata
 *(SORT_BY_ALIGNMENT(.rela.ldata))

.rela.lbss
 *(SORT_BY_ALIGNMENT(.rela.lbss))

.rela.lrodata
 *(SORT_BY_ALIGNMENT(.rela.lrodata))

.rela.ifunc
 *(SORT_BY_ALIGNMENT(.rela.ifunc))

.rela.plt
 *(SORT_BY_ALIGNMENT(.rela.plt))

.relr.dyn
 *(SORT_BY_ALIGNMENT(.relr.dyn))

.init
 *(SORT_NONE(.init))

.plt
 *(SORT_BY_ALIGNMENT(.plt))

.plt.got
 *(SORT_BY_ALIGNMENT(.plt.got))

.plt.sec
 *(SORT_BY_ALIGNMENT(.plt.sec))

.text
 *(SORT_BY_ALIGNMENT(.text) SORT_BY_ALIGNMENT(.stub))
 *(SORT_BY_ALIGNMENT(.gnu.warning))

.text._OffsetAbsSyms
                0x0000000000000000      0x127
 .text._OffsetAbsSyms
                0x0000000000000000      0x127 zephyr/CMakeFiles/offsets.dir/./arch/posix/core/offsets/offsets.c.obj
                0x0000000000000000                _OffsetAbsSyms

.text._sub_I_00100_0
                0x0000000000000000      0x5fd
 .text._sub_I_00100_0
                0x0000000000000000       0x15 zephyr/CMakeFiles/offsets.dir/./arch/posix/core/offsets/offsets.c.obj
 .text._sub_I_00100_0
                0x0000000000000015       0x15 app/libapp.a(main.c.obj)
 .text._sub_I_00100_0
                0x000000000000002a       0x15 zephyr/libzephyr.a(heap.c.obj)
 .text._sub_I_00100_0
                0x000000000000003f       0x15 zephyr/libzephyr.a(cbprintf_packaged.c.obj)
 .text._sub_I_00100_0
                0x0000000000000054       0x15 zephyr/libzephyr.a(clock.c.obj)
 .text._sub_I_00100_0
                0x0000000000000069       0x15 zephyr/libzephyr.a(printk.c.obj)
 .text._sub_I_00100_0
                0x000000000000007e       0x15 zephyr/libzephyr.a(sem.c.obj)
 .text._sub_I_00100_0
                0x0000000000000093       0x15 zephyr/libzephyr.a(thread_entry.c.obj)
 .text._sub_I_00100_0
                0x00000000000000a8       0x15 zephyr/libzephyr.a(cbprintf_complete.c.obj)
 .text._sub_I_00100_0
                0x00000000000000bd       0x15 zephyr/libzephyr.a(cbprintf.c.obj)
 .text._sub_I_00100_0
                0x00000000000000d2       0x15 zephyr/libzephyr.a(assert.c.obj)
 .text._sub_I_00100_0
                0x00000000000000e7       0x15 zephyr/libzephyr.a(dec.c.obj)
 .text._sub_I_00100_0
                0x00000000000000fc       0x15 zephyr/libzephyr.a(hex.c.obj)
 .text._sub_I_00100_0
                0x0000000000000111       0x15 zephyr/libzephyr.a(rb.c.obj)
 .text._sub_I_00100_0
                0x0000000000000126       0x15 zephyr/libzephyr.a(set.c.obj)
 .text._sub_I_00100_0
                0x000000000000013b       0x15 zephyr/libzephyr.a(timeutil.c.obj)
 .text._sub_I_00100_0
                0x0000000000000150       0x15 zephyr/libzephyr.a(bitarray.c.obj)
 .text._sub_I_00100_0
                0x0000000000000165       0x15 zephyr/libzephyr.a(bitmask.c.obj)
 .text._sub_I_00100_0
                0x000000000000017a       0x15 zephyr/libzephyr.a(getopt.c.obj)
 .text._sub_I_00100_0
                0x000000000000018f       0x15 zephyr/libzephyr.a(getopt_common.c.obj)
 .text._sub_I_00100_0
                0x00000000000001a4       0x15 zephyr/libzephyr.a(ring_buffer.c.obj)
 .text._sub_I_00100_0
                0x00000000000001b9       0x15 zephyr/libzephyr.a(configs.c.obj)
 .text._sub_I_00100_0
                0x00000000000001ce       0x15 zephyr/libzephyr.a(log_core.c.obj)
 .text._sub_I_00100_0
                0x00000000000001e3       0x15 zephyr/libzephyr.a(log_mgmt.c.obj)
 .text._sub_I_00100_0
                0x00000000000001f8       0x15 zephyr/libzephyr.a(log_cache.c.obj)
 .text._sub_I_00100_0
                0x000000000000020d       0x15 zephyr/libzephyr.a(log_msg.c.obj)
 .text._sub_I_00100_0
                0x0000000000000222       0x15 zephyr/libzephyr.a(log_output.c.obj)
 .text._sub_I_00100_0
                0x0000000000000237       0x15 zephyr/libzephyr.a(log_backend_native_posix.c.obj)
 .text._sub_I_00100_0
                0x000000000000024c       0x15 zephyr/libzephyr.a(tracing_none.c.obj)
 .text._sub_I_00100_0
                0x0000000000000261       0x15 zephyr/arch/common/libarch__common.a(init.c.obj)
 .text._sub_I_00100_0
                0x0000000000000276       0x15 zephyr/arch/arch/posix/core/libarch__posix__core.a(cpuhalt.c.obj)
 .text._sub_I_00100_0
                0x000000000000028b       0x15 zephyr/arch/arch/posix/core/libarch__posix__core.a(fatal.c.obj)
 .text._sub_I_00100_0
                0x00000000000002a0       0x15 zephyr/arch/arch/posix/core/libarch__posix__core.a(irq.c.obj)
 .text._sub_I_00100_0
                0x00000000000002b5       0x15 zephyr/arch/arch/posix/core/libarch__posix__core.a(swap.c.obj)
 .text._sub_I_00100_0
                0x00000000000002ca       0x15 zephyr/arch/arch/posix/core/libarch__posix__core.a(thread.c.obj)
 .text._sub_I_00100_0
                0x00000000000002df       0x15 zephyr/arch/arch/posix/core/libarch__posix__core.a(posix_core_nsi.c.obj)
 .text._sub_I_00100_0
                0x00000000000002f4       0x15 zephyr/soc/soc/native/libsoc__native__inf_clock.a(soc.c.obj)
 .text._sub_I_00100_0
                0x0000000000000309       0x15 zephyr/soc/soc/native/libsoc__native__inf_clock.a(native_tasks.c.obj)
 .text._sub_I_00100_0
                0x000000000000031e       0x15 zephyr/soc/soc/native/libsoc__native__inf_clock.a(native_remap.c.obj)
 .text._sub_I_00100_0
                0x0000000000000333       0x15 zephyr/boards/native/native_sim/libboards__native__native_sim.a(cmdline.c.obj)
 .text._sub_I_00100_0
                0x0000000000000348       0x15 zephyr/boards/native/native_sim/libboards__native__native_sim.a(cpu_wait.c.obj)
 .text._sub_I_00100_0
                0x000000000000035d       0x15 zephyr/boards/native/native_sim/libboards__native__native_sim.a(nsi_if.c.obj)
 .text._sub_I_00100_0
                0x0000000000000372       0x15 zephyr/boards/native/native_sim/libboards__native__native_sim.a(irq_handler.c.obj)
 .text._sub_I_00100_0
                0x0000000000000387       0x15 zephyr/boards/native/native_sim/libboards__native__native_sim.a(posix_arch_if.c.obj)
 .text._sub_I_00100_0
                0x000000000000039c       0x15 zephyr/subsys/testsuite/ztest/libsubsys__testsuite__ztest.a(ztest.c.obj)
 .text._sub_I_00100_0
                0x00000000000003b1       0x15 zephyr/subsys/testsuite/ztest/libsubsys__testsuite__ztest.a(ztest_posix.c.obj)
 .text._sub_I_00100_0
                0x00000000000003c6       0x15 zephyr/subsys/zbus/libsubsys__zbus.a(zbus.c.obj)
 .text._sub_I_00100_0
                0x00000000000003db       0x15 zephyr/subsys/zbus/libsubsys__zbus.a(zbus_runtime_observers.c.obj)
 .text._sub_I_00100_0
                0x00000000000003f0       0x15 zephyr/subsys/zbus/libsubsys__zbus.a(zbus_iterable_sections.c.obj)
 .text._sub_I_00100_0
                0x0000000000000405       0x15 zephyr/drivers/console/libdrivers__console.a(posix_arch_console.c.obj)
 .text._sub_I_00100_0
                0x000000000000041a       0x15 zephyr/drivers/timer/libdrivers__timer.a(sys_clock_init.c.obj)
 .text._sub_I_00100_0
                0x000000000000042f       0x15 zephyr/drivers/timer/libdrivers__timer.a(native_sim_timer.c.obj)
 .text._sub_I_00100_0
                0x0000000000000444       0x15 modules/weather-station/lib/sensor_event/lib..__weather-station__lib__sensor_event.a(sensor_event.c.obj)
 .text._sub_I_00100_0
                0x0000000000000459       0x15 modules/weather-station/lib/sensor_registry/lib..__weather-station__lib__sensor_registry.a(sensor_registry.c.obj)
 .text._sub_I_00100_0
                0x000000000000046e       0x15 modules/weather-station/lib/remote_sensor/lib..__weather-station__lib__remote_sensor.a(remote_sensor_manager.c.obj)
 .text._sub_I_00100_0
                0x0000000000000483       0x15 zephyr/kernel/libkernel.a(fatal.c.obj)
 .text._sub_I_00100_0
                0x0000000000000498       0x15 zephyr/kernel/libkernel.a(init.c.obj)
 .text._sub_I_00100_0
                0x00000000000004ad       0x15 zephyr/kernel/libkernel.a(idle.c.obj)
 .text._sub_I_00100_0
                0x00000000000004c2       0x15 zephyr/kernel/libkernel.a(msg_q.c.obj)
 .text._sub_I_00100_0
                0x00000000000004d7       0x15 zephyr/kernel/libkernel.a(mutex.c.obj)
 .text._sub_I_00100_0
                0x00000000000004ec       0x15 zephyr/kernel/libkernel.a(sem.c.obj)
 .text._sub_I_00100_0
                0x0000000000000501       0x15 zephyr/kernel/libkernel.a(work.c.obj)
 .text._sub_I_00100_0
                0x0000000000000516       0x15 zephyr/kernel/libkernel.a(thread.c.obj)
 .text._sub_I_00100_0
                0x000000000000052b       0x15 zephyr/kernel/libkernel.a(sched.c.obj)
 .text._sub_I_00100_0
                0x0000000000000540       0x15 zephyr/kernel/libkernel.a(timeslicing.c.obj)
 .text._sub_I_00100_0
                0x0000000000000555       0x15 zephyr/kernel/libkernel.a(spinlock_validate.c.obj)
 .text._sub_I_00100_0
                0x000000000000056a       0x15 zephyr/kernel/libkernel.a(timeout.c.obj)
 .text._sub_I_00100_0
                0x000000000000057f       0x15 zephyr/kernel/libkernel.a(timer.c.obj)
 .text._sub_I_00100_0
                0x0000000000000594       0x15 zephyr/kernel/libkernel.a(mempool.c.obj)
 .text._sub_I_00100_0
                0x00000000000005a9       0x15 zephyr/kernel/libkernel.a(banner.c.obj)
 .text._sub_I_00100_0
                0x00000000000005be       0x15 zephyr/kernel/libkernel.a(device.c.obj)
 .text._sub_I_00100_0
                0x00000000000005d3       0x15 zephyr/kernel/libkernel.a(kheap.c.obj)
 .text._sub_I_00100_0
                0x00000000000005e8       0x15 zephyr/kernel/libkernel.a(system_work_q.c.obj)

.text._sub_D_00100_1
                0x0000000000000000      0x323
 .text._sub_D_00100_1
                0x0000000000000000        0xb zephyr/CMakeFiles/offsets.dir/./arch/posix/core/offsets/offsets.c.obj
 .text._sub_D_00100_1
                0x000000000000000b        0xb app/libapp.a(main.c.obj)
 .text._sub_D_00100_1
                0x0000000000000016        0xb zephyr/libzephyr.a(heap.c.obj)
 .text._sub_D_00100_1
                0x0000000000000021        0xb zephyr/libzephyr.a(cbprintf_packaged.c.obj)
 .text._sub_D_00100_1
                0x000000000000002c        0xb zephyr/libzephyr.a(clock.c.obj)
 .text._sub_D_00100_1
                0x0000000000000037        0xb zephyr/libzephyr.a(printk.c.obj)
 .text._sub_D_00100_1
                0x0000000000000042        0xb zephyr/libzephyr.a(sem.c.obj)
 .text._sub_D_00100_1
                0x000000000000004d        0xb zephyr/libzephyr.a(thread_entry.c.obj)
 .text._sub_D_00100_1
                0x0000000000000058        0xb zephyr/libzephyr.a(cbprintf_complete.c.obj)
 .text._sub_D_00100_1
                0x0000000000000063        0xb zephyr/libzephyr.a(cbprintf.c.obj)
 .text._sub_D_00100_1
                0x000000000000006e        0xb zephyr/libzephyr.a(assert.c.obj)
 .text._sub_D_00100_1
                0x0000000000000079        0xb zephyr/libzephyr.a(dec.c.obj)
 .text._sub_D_00100_1
                0x0000000000000084        0xb zephyr/libzephyr.a(hex.c.obj)
 .text._sub_D_00100_1
                0x000000000000008f        0xb zephyr/libzephyr.a(rb.c.obj)
 .text._sub_D_00100_1
                0x000000000000009a        0xb zephyr/libzephyr.a(set.c.obj)
 .text._sub_D_00100_1
                0x00000000000000a5        0xb zephyr/libzephyr.a(timeutil.c.obj)
 .text._sub_D_00100_1
                0x00000000000000b0        0xb zephyr/libzephyr.a(bitarray.c.obj)
 .text._sub_D_00100_1
                0x00000000000000bb        0xb zephyr/libzephyr.a(bitmask.c.obj)
 .text._sub_D_00100_1
                0x00000000000000c6        0xb zephyr/libzephyr.a(getopt.c.obj)
 .text._sub_D_00100_1
                0x00000000000000d1        0xb zephyr/libzephyr.a(getopt_common.c.obj)
 .text._sub_D_00100_1
                0x00000000000000dc        0xb zephyr/libzephyr.a(ring_buffer.c.obj)
 .text._sub_D_00100_1
                0x00000000000000e7        0xb zephyr/libzephyr.a(configs.c.obj)
 .text._sub_D_00100_1
                0x00000000000000f2        0xb zephyr/libzephyr.a(log_core.c.obj)
 .text._sub_D_00100_1
                0x00000000000000fd        0xb zephyr/libzephyr.a(log_mgmt.c.obj)
 .text._sub_D_00100_1
                0x0000000000000108        0xb zephyr/libzephyr.a(log_cache.c.obj)
 .text._sub_D_00100_1
                0x0000000000000113        0xb zephyr/libzephyr.a(log_msg.c.obj)
 .text._sub_D_00100_1
                0x000000000000011e        0xb zephyr/libzephyr.a(log_output.c.obj)
 .text._sub_D_00100_1
                0x0000000000000129        0xb zephyr/libzephyr.a(log_backend_native_posix.c.obj)
 .text._sub_D_00100_1
                0x0000000000000134        0xb zephyr/libzephyr.a(tracing_none.c.obj)
 .text._sub_D_00100_1
                0x000000000000013f        0xb zephyr/arch/common/libarch__common.a(init.c.obj)
 .text._sub_D_00100_1
                0x000000000000014a        0xb zephyr/arch/arch/posix/core/libarch__posix__core.a(cpuhalt.c.obj)
 .text._sub_D_00100_1
                0x0000000000000155        0xb zephyr/arch/arch/posix/core/libarch__posix__core.a(fatal.c.obj)
 .text._sub_D_00100_1
                0x0000000000000160        0xb zephyr/arch/arch/posix/core/libarch__posix__core.a(irq.c.obj)
 .text._sub_D_00100_1
                0x000000000000016b        0xb zephyr/arch/arch/posix/core/libarch__posix__core.a(swap.c.obj)
 .text._sub_D_00100_1
                0x0000000000000176        0xb zephyr/arch/arch/posix/core/libarch__posix__core.a(thread.c.obj)
 .text._sub_D_00100_1
                0x0000000000000181        0xb zephyr/arch/arch/posix/core/libarch__posix__core.a(posix_core_nsi.c.obj)
 .text._sub_D_00100_1
                0x000000000000018c        0xb zephyr/soc/soc/native/libsoc__native__inf_clock.a(soc.c.obj)
 .text._sub_D_00100_1
                0x0000000000000197        0xb zephyr/soc/soc/native/libsoc__native__inf_clock.a(native_tasks.c.obj)
 .text._sub_D_00100_1
                0x00000000000001a2        0xb zephyr/soc/soc/native/libsoc__native__inf_clock.a(native_remap.c.obj)
 .text._sub_D_00100_1
                0x00000000000001ad        0xb zephyr/boards/native/native_sim/libboards__native__native_sim.a(cmdline.c.obj)
 .text._sub_D_00100_1
                0x00000000000001b8        0xb zephyr/boards/native/native_sim/libboards__native__native_sim.a(cpu_wait.c.obj)
 .text._sub_D_00100_1
                0x00000000000001c3        0xb zephyr/boards/native/native_sim/libboards__native__native_sim.a(nsi_if.c.obj)
 .text._sub_D_00100_1
                0x00000000000001ce        0xb zephyr/boards/native/native_sim/libboards__native__native_sim.a(irq_handler.c.obj)
 .text._sub_D_00100_1
                0x00000000000001d9        0xb zephyr/boards/native/native_sim/libboards__native__native_sim.a(posix_arch_if.c.obj)
 .text._sub_D_00100_1
                0x00000000000001e4        0xb zephyr/subsys/testsuite/ztest/libsubsys__testsuite__ztest.a(ztest.c.obj)
 .text._sub_D_00100_1
                0x00000000000001ef        0xb zephyr/subsys/testsuite/ztest/libsubsys__testsuite__ztest.a(ztest_posix.c.obj)
 .text._sub_D_00100_1
                0x00000000000001fa        0xb zephyr/subsys/zbus/libsubsys__zbus.a(zbus.c.obj)
 .text._sub_D_00100_1
                0x0000000000000205        0xb zephyr/subsys/zbus/libsubsys__zbus.a(zbus_runtime_observers.c.obj)
 .text._sub_D_00100_1
                0x0000000000000210        0xb zephyr/subsys/zbus/libsubsys__zbus.a(zbus_iterable_sections.c.obj)
 .text._sub_D_00100_1
                0x000000000000021b        0xb zephyr/drivers/console/libdrivers__console.a(posix_arch_console.c.obj)
 .text._sub_D_00100_1
                0x0000000000000226        0xb zephyr/drivers/timer/libdrivers__timer.a(sys_clock_init.c.obj)
 .text._sub_D_00100_1
                0x0000000000000231        0xb zephyr/drivers/timer/libdrivers__timer.a(native_sim_timer.c.obj)
 .text._sub_D_00100_1
                0x000000000000023c        0xb modules/weather-station/lib/sensor_event/lib..__weather-station__lib__sensor_event.a(sensor_event.c.obj)
 .text._sub_D_00100_1
                0x0000000000000247        0xb modules/weather-station/lib/sensor_registry/lib..__weather-station__lib__sensor_registry.a(sensor_registry.c.obj)
 .text._sub_D_00100_1
                0x0000000000000252        0xb modules/weather-station/lib/remote_sensor/lib..__weather-station__lib__remote_sensor.a(remote_sensor_manager.c.obj)
 .text._sub_D_00100_1
                0x000000000000025d        0xb zephyr/kernel/libkernel.a(fatal.c.obj)
 .text._sub_D_00100_1
                0x0000000000000268        0xb zephyr/kernel/libkernel.a(init.c.obj)
 .text._sub_D_00100_1
                0x0000000000000273        0xb zephyr/kernel/libkernel.a(idle.c.obj)
 .text._sub_D_00100_1
                0x000000000000027e        0xb zephyr/kernel/libkernel.a(msg_q.c.obj)
 .text._sub_D_00100_1
                0x0000000000000289        0xb zephyr/kernel/libkernel.a(mutex.c.obj)
 .text._sub_D_00100_1
                0x0000000000000294        0xb zephyr/kernel/libkernel.a(sem.c.obj)
 .text._sub_D_00100_1
                0x000000000000029f        0xb zephyr/kernel/libkernel.a(work.c.obj)
 .text._sub_D_00100_1
                0x00000000000002aa        0xb zephyr/kernel/libkernel.a(thread.c.obj)
 .text._sub_D_00100_1
                0x00000000000002b5        0xb zephyr/kernel/libkernel.a(sched.c.obj)
 .text._sub_D_00100_1
                0x00000000000002c0        0xb zephyr/kernel/libkernel.a(timeslicing.c.obj)
 .text._sub_D_00100_1
                0x00000000000002cb        0xb zephyr/kernel/libkernel.a(spinlock_validate.c.obj)
 .text._sub_D_00100_1
                0x00000000000002d6        0xb zephyr/kernel/libkernel.a(timeout.c.obj)
 .text._sub_D_00100_1
                0x00000000000002e1        0xb zephyr/kernel/libkernel.a(timer.c.obj)
 .text._sub_D_00100_1
                0x00000000000002ec        0xb zephyr/kernel/libkernel.a(mempool.c.obj)
 .text._sub_D_00100_1
                0x00000000000002f7        0xb zephyr/kernel/libkernel.a(banner.c.obj)
 .text._sub_D_00100_1
                0x0000000000000302        0xb zephyr/kernel/libkernel.a(device.c.obj)
 .text._sub_D_00100_1
                0x000000000000030d        0xb zephyr/kernel/libkernel.a(kheap.c.obj)
 .text._sub_D_00100_1
                0x0000000000000318        0xb zephyr/kernel/libkernel.a(system_work_q.c.obj)

.text.z_zassert
                0x0000000000000000      0x19a
 .text.z_zassert
                0x0000000000000000      0x19a app/libapp.a(main.c.obj)

.text._remote_sensor_uid_suite_test_uid_from_addr_prefix_bits_wrapper
                0x0000000000000000       0x37
 .text._remote_sensor_uid_suite_test_uid_from_addr_prefix_bits_wrapper
                0x0000000000000000       0x37 app/libapp.a(main.c.obj)

.text.remote_sensor_uid_suite_test_uid_from_addr_prefix_bits
                0x0000000000000000      0x103
 .text.remote_sensor_uid_suite_test_uid_from_addr_prefix_bits
                0x0000000000000000      0x103 app/libapp.a(main.c.obj)

.text._remote_sensor_uid_suite_test_uid_from_addr_type_slot_bits_wrapper
                0x0000000000000000       0x37
 .text._remote_sensor_uid_suite_test_uid_from_addr_type_slot_bits_wrapper
                0x0000000000000000       0x37 app/libapp.a(main.c.obj)

.text.remote_sensor_uid_suite_test_uid_from_addr_type_slot_bits
                0x0000000000000000      0x1d2
 .text.remote_sensor_uid_suite_test_uid_from_addr_type_slot_bits
                0x0000000000000000      0x1d2 app/libapp.a(main.c.obj)

.text._remote_sensor_uid_suite_test_uid_from_addr_different_types_differ_wrapper
                0x0000000000000000       0x37
 .text._remote_sensor_uid_suite_test_uid_from_addr_different_types_differ_wrapper
                0x0000000000000000       0x37 app/libapp.a(main.c.obj)

.text.remote_sensor_uid_suite_test_uid_from_addr_different_types_differ
                0x0000000000000000      0x27e
 .text.remote_sensor_uid_suite_test_uid_from_addr_different_types_differ
                0x0000000000000000      0x27e app/libapp.a(main.c.obj)

.text._remote_sensor_uid_suite_test_uid_from_addr_stable_wrapper
                0x0000000000000000       0x37
 .text._remote_sensor_uid_suite_test_uid_from_addr_stable_wrapper
                0x0000000000000000       0x37 app/libapp.a(main.c.obj)

.text.remote_sensor_uid_suite_test_uid_from_addr_stable
                0x0000000000000000      0x129
 .text.remote_sensor_uid_suite_test_uid_from_addr_stable
                0x0000000000000000      0x129 app/libapp.a(main.c.obj)

.text._remote_sensor_uid_suite_test_uid_from_addr_different_addrs_differ_wrapper
                0x0000000000000000       0x37
 .text._remote_sensor_uid_suite_test_uid_from_addr_different_addrs_differ_wrapper
                0x0000000000000000       0x37 app/libapp.a(main.c.obj)

.text.remote_sensor_uid_suite_test_uid_from_addr_different_addrs_differ
                0x0000000000000000      0x129
 .text.remote_sensor_uid_suite_test_uid_from_addr_different_addrs_differ
                0x0000000000000000      0x129 app/libapp.a(main.c.obj)

.text._remote_sensor_uid_suite_test_uid_from_node_id_prefix_bits_wrapper
                0x0000000000000000       0x37
 .text._remote_sensor_uid_suite_test_uid_from_node_id_prefix_bits_wrapper
                0x0000000000000000       0x37 app/libapp.a(main.c.obj)

.text.remote_sensor_uid_suite_test_uid_from_node_id_prefix_bits
                0x0000000000000000       0xf9
 .text.remote_sensor_uid_suite_test_uid_from_node_id_prefix_bits
                0x0000000000000000       0xf9 app/libapp.a(main.c.obj)

.text._remote_sensor_uid_suite_test_uid_from_node_id_node_bits_wrapper
                0x0000000000000000       0x37
 .text._remote_sensor_uid_suite_test_uid_from_node_id_node_bits_wrapper
                0x0000000000000000       0x37 app/libapp.a(main.c.obj)

.text.remote_sensor_uid_suite_test_uid_from_node_id_node_bits
                0x0000000000000000      0x10d
 .text.remote_sensor_uid_suite_test_uid_from_node_id_node_bits
                0x0000000000000000      0x10d app/libapp.a(main.c.obj)

.text._remote_sensor_uid_suite_test_uid_from_node_id_deterministic_wrapper
                0x0000000000000000       0x37
 .text._remote_sensor_uid_suite_test_uid_from_node_id_deterministic_wrapper
                0x0000000000000000       0x37 app/libapp.a(main.c.obj)

.text.remote_sensor_uid_suite_test_uid_from_node_id_deterministic
                0x0000000000000000      0x156
 .text.remote_sensor_uid_suite_test_uid_from_node_id_deterministic
                0x0000000000000000      0x156 app/libapp.a(main.c.obj)

.text._remote_sensor_uid_suite_test_uid_from_node_id_different_nodes_differ_wrapper
                0x0000000000000000       0x37
 .text._remote_sensor_uid_suite_test_uid_from_node_id_different_nodes_differ_wrapper
                0x0000000000000000       0x37 app/libapp.a(main.c.obj)

.text.remote_sensor_uid_suite_test_uid_from_node_id_different_nodes_differ
                0x0000000000000000      0x269
 .text.remote_sensor_uid_suite_test_uid_from_node_id_different_nodes_differ
                0x0000000000000000      0x269 app/libapp.a(main.c.obj)

.text._remote_sensor_uid_suite_test_uid_from_node_id_different_types_differ_wrapper
                0x0000000000000000       0x37
 .text._remote_sensor_uid_suite_test_uid_from_node_id_different_types_differ_wrapper
                0x0000000000000000       0x37 app/libapp.a(main.c.obj)

.text.remote_sensor_uid_suite_test_uid_from_node_id_different_types_differ
                0x0000000000000000      0x10f
 .text.remote_sensor_uid_suite_test_uid_from_node_id_different_types_differ
                0x0000000000000000      0x10f app/libapp.a(main.c.obj)

.text._remote_sensor_uid_suite_test_uid_no_cross_protocol_collision_wrapper
                0x0000000000000000       0x37
 .text._remote_sensor_uid_suite_test_uid_no_cross_protocol_collision_wrapper
                0x0000000000000000       0x37 app/libapp.a(main.c.obj)

.text.remote_sensor_uid_suite_test_uid_no_cross_protocol_collision
                0x0000000000000000      0x1ca
 .text.remote_sensor_uid_suite_test_uid_no_cross_protocol_collision
                0x0000000000000000      0x1ca app/libapp.a(main.c.obj)

.text.z_log_msg_runtime_create
                0x0000000000000000      0x867
 .text.z_log_msg_runtime_create
                0x0000000000000000       0xef zephyr/libzephyr.a(heap.c.obj)
 .text.z_log_msg_runtime_create
                0x00000000000000ef       0xef zephyr/libzephyr.a(cbprintf_packaged.c.obj)
 .text.z_log_msg_runtime_create
                0x00000000000001de       0xef zephyr/libzephyr.a(log_msg.c.obj)
 .text.z_log_msg_runtime_create
                0x00000000000002cd       0xef modules/weather-station/lib/sensor_registry/lib..__weather-station__lib__sensor_registry.a(sensor_registry.c.obj)
 .text.z_log_msg_runtime_create
                0x00000000000003bc       0xef modules/weather-station/lib/remote_sensor/lib..__weather-station__lib__remote_sensor.a(remote_sensor_manager.c.obj)
 .text.z_log_msg_runtime_create
                0x00000000000004ab       0xef zephyr/kernel/libkernel.a(fatal.c.obj)
 .text.z_log_msg_runtime_create
                0x000000000000059a       0xef zephyr/kernel/libkernel.a(mutex.c.obj)
 .text.z_log_msg_runtime_create
                0x0000000000000689       0xef zephyr/kernel/libkernel.a(thread.c.obj)
 .text.z_log_msg_runtime_create
                0x0000000000000778       0xef zephyr/kernel/libkernel.a(sched.c.obj)

.text.big_heap_chunks
                0x0000000000000000       0x20
 .text.big_heap_chunks
                0x0000000000000000       0x20 zephyr/libzephyr.a(heap.c.obj)

.text.big_heap_bytes
                0x0000000000000000       0x45
 .text.big_heap_bytes
                0x0000000000000000       0x45 zephyr/libzephyr.a(heap.c.obj)

.text.big_heap  0x0000000000000000       0x44
 .text.big_heap
                0x0000000000000000       0x44 zephyr/libzephyr.a(heap.c.obj)

.text.chunk_buf
                0x0000000000000000       0x20
 .text.chunk_buf
                0x0000000000000000       0x20 zephyr/libzephyr.a(heap.c.obj)

.text.chunk_field
                0x0000000000000000       0xbc
 .text.chunk_field
                0x0000000000000000       0xbc zephyr/libzephyr.a(heap.c.obj)

.text.chunk_set
                0x0000000000000000       0xc3
 .text.chunk_set
                0x0000000000000000       0xc3 zephyr/libzephyr.a(heap.c.obj)

.text.chunk_used
                0x0000000000000000       0x53
 .text.chunk_used
                0x0000000000000000       0x53 zephyr/libzephyr.a(heap.c.obj)

.text.chunk_size
                0x0000000000000000       0x4d
 .text.chunk_size
                0x0000000000000000       0x4d zephyr/libzephyr.a(heap.c.obj)

.text.set_chunk_used
                0x0000000000000000      0x12e
 .text.set_chunk_used
                0x0000000000000000      0x12e zephyr/libzephyr.a(heap.c.obj)

.text.set_chunk_size
                0x0000000000000000       0x55
 .text.set_chunk_size
                0x0000000000000000       0x55 zephyr/libzephyr.a(heap.c.obj)

.text.prev_free_chunk
                0x0000000000000000       0x4f
 .text.prev_free_chunk
                0x0000000000000000       0x4f zephyr/libzephyr.a(heap.c.obj)

.text.next_free_chunk
                0x0000000000000000       0x4f
 .text.next_free_chunk
                0x0000000000000000       0x4f zephyr/libzephyr.a(heap.c.obj)

.text.set_prev_free_chunk
                0x0000000000000000       0x52
 .text.set_prev_free_chunk
                0x0000000000000000       0x52 zephyr/libzephyr.a(heap.c.obj)

.text.set_next_free_chunk
                0x0000000000000000       0x52
 .text.set_next_free_chunk
                0x0000000000000000       0x52 zephyr/libzephyr.a(heap.c.obj)

.text.left_chunk
                0x0000000000000000       0x52
 .text.left_chunk
                0x0000000000000000       0x52 zephyr/libzephyr.a(heap.c.obj)

.text.right_chunk
                0x0000000000000000       0x4b
 .text.right_chunk
                0x0000000000000000       0x4b zephyr/libzephyr.a(heap.c.obj)

.text.set_left_chunk_size
                0x0000000000000000       0x52
 .text.set_left_chunk_size
                0x0000000000000000       0x52 zephyr/libzephyr.a(heap.c.obj)

.text.chunk_header_bytes
                0x0000000000000000       0x63
 .text.chunk_header_bytes
                0x0000000000000000       0x63 zephyr/libzephyr.a(heap.c.obj)

.text.heap_footer_bytes
                0x0000000000000000       0x63
 .text.heap_footer_bytes
                0x0000000000000000       0x63 zephyr/libzephyr.a(heap.c.obj)

.text.chunksz   0x0000000000000000       0x28
 .text.chunksz  0x0000000000000000       0x28 zephyr/libzephyr.a(heap.c.obj)

.text.bytes_to_chunksz
                0x0000000000000000       0xb0
 .text.bytes_to_chunksz
                0x0000000000000000       0xb0 zephyr/libzephyr.a(heap.c.obj)

.text.min_chunk_size
                0x0000000000000000       0x60
 .text.min_chunk_size
                0x0000000000000000       0x60 zephyr/libzephyr.a(heap.c.obj)

.text.undersized_chunk
                0x0000000000000000       0xc6
 .text.undersized_chunk
                0x0000000000000000       0xc6 zephyr/libzephyr.a(heap.c.obj)

.text.bucket_idx
                0x0000000000000000       0x5c
 .text.bucket_idx
                0x0000000000000000       0x5c zephyr/libzephyr.a(heap.c.obj)

.text.chunk_mem
                0x0000000000000000       0x89
 .text.chunk_mem
                0x0000000000000000       0x89 zephyr/libzephyr.a(heap.c.obj)

.text.free_list_remove_bidx
                0x0000000000000000      0x2b8
 .text.free_list_remove_bidx
                0x0000000000000000      0x2b8 zephyr/libzephyr.a(heap.c.obj)

.text.free_list_add_bidx
                0x0000000000000000      0x2d3
 .text.free_list_add_bidx
                0x0000000000000000      0x2d3 zephyr/libzephyr.a(heap.c.obj)

.text.free_list_add
                0x0000000000000000       0xd2
 .text.free_list_add
                0x0000000000000000       0xd2 zephyr/libzephyr.a(heap.c.obj)

.text.free_chunk_check
                0x0000000000000000      0x213
 .text.free_chunk_check
                0x0000000000000000      0x213 zephyr/libzephyr.a(heap.c.obj)

.text.split_chunks
                0x0000000000000000      0x119
 .text.split_chunks
                0x0000000000000000      0x119 zephyr/libzephyr.a(heap.c.obj)

.text.alloc_chunk
                0x0000000000000000      0x247
 .text.alloc_chunk
                0x0000000000000000      0x247 zephyr/libzephyr.a(heap.c.obj)

.text.sys_heap_alloc
                0x0000000000000000      0x1a7
 .text.sys_heap_alloc
                0x0000000000000000      0x1a7 zephyr/libzephyr.a(heap.c.obj)
                0x0000000000000000                sys_heap_alloc

.text.sys_heap_noalign_alloc
                0x0000000000000000       0x53
 .text.sys_heap_noalign_alloc
                0x0000000000000000       0x53 zephyr/libzephyr.a(heap.c.obj)
                0x0000000000000000                sys_heap_noalign_alloc

.text.sys_heap_init
                0x0000000000000000      0x66e
 .text.sys_heap_init
                0x0000000000000000      0x66e zephyr/libzephyr.a(heap.c.obj)
                0x0000000000000000                sys_heap_init

.text.linker_is_in_rodata
                0x0000000000000000       0x21
 .text.linker_is_in_rodata
                0x0000000000000000       0x21 zephyr/libzephyr.a(cbprintf_packaged.c.obj)

.text.ptr_in_rodata
                0x0000000000000000       0x42
 .text.ptr_in_rodata
                0x0000000000000000       0x42 zephyr/libzephyr.a(cbprintf_packaged.c.obj)

.text.cbprintf_via_va_list
                0x0000000000000000       0x7e
 .text.cbprintf_via_va_list
                0x0000000000000000       0x7e zephyr/libzephyr.a(cbprintf_packaged.c.obj)

.text.get_package_len
                0x0000000000000000      0x16f
 .text.get_package_len
                0x0000000000000000      0x16f zephyr/libzephyr.a(cbprintf_packaged.c.obj)

.text.append_string
                0x0000000000000000       0xb5
 .text.append_string
                0x0000000000000000       0xb5 zephyr/libzephyr.a(cbprintf_packaged.c.obj)

.text.cbvprintf_package
                0x0000000000000000     0x11c4
 .text.cbvprintf_package
                0x0000000000000000     0x11c4 zephyr/libzephyr.a(cbprintf_packaged.c.obj)
                0x0000000000000000                cbvprintf_package

.text.cbpprintf_external
                0x0000000000000000      0x15f
 .text.cbpprintf_external
                0x0000000000000000      0x15f zephyr/libzephyr.a(cbprintf_packaged.c.obj)
                0x0000000000000000                cbpprintf_external

.text.is_fmt_spec
                0x0000000000000000       0x5c
 .text.is_fmt_spec
                0x0000000000000000       0x5c zephyr/libzephyr.a(cbprintf_packaged.c.obj)

.text.is_ptr    0x0000000000000000      0x166
 .text.is_ptr   0x0000000000000000      0x166 zephyr/libzephyr.a(cbprintf_packaged.c.obj)
                0x0000000000000000                is_ptr

.text.cbprintf_package_convert
                0x0000000000000000     0x10b3
 .text.cbprintf_package_convert
                0x0000000000000000     0x10b3 zephyr/libzephyr.a(cbprintf_packaged.c.obj)
                0x0000000000000000                cbprintf_package_convert

.text.arch_irq_lock
                0x0000000000000000      0x231
 .text.arch_irq_lock
                0x0000000000000000       0x33 zephyr/libzephyr.a(clock.c.obj)
 .text.arch_irq_lock
                0x0000000000000033       0x33 zephyr/arch/arch/posix/core/libarch__posix__core.a(thread.c.obj)
 .text.arch_irq_lock
                0x0000000000000066       0x33 zephyr/kernel/libkernel.a(fatal.c.obj)
 .text.arch_irq_lock
                0x0000000000000099       0x33 zephyr/kernel/libkernel.a(idle.c.obj)
 .text.arch_irq_lock
                0x00000000000000cc       0x33 zephyr/kernel/libkernel.a(mutex.c.obj)
 .text.arch_irq_lock
                0x00000000000000ff       0x33 zephyr/kernel/libkernel.a(sem.c.obj)
 .text.arch_irq_lock
                0x0000000000000132       0x33 zephyr/kernel/libkernel.a(work.c.obj)
 .text.arch_irq_lock
                0x0000000000000165       0x33 zephyr/kernel/libkernel.a(sched.c.obj)
 .text.arch_irq_lock
                0x0000000000000198       0x33 zephyr/kernel/libkernel.a(timeslicing.c.obj)
 .text.arch_irq_lock
                0x00000000000001cb       0x33 zephyr/kernel/libkernel.a(timeout.c.obj)
 .text.arch_irq_lock
                0x00000000000001fe       0x33 zephyr/kernel/libkernel.a(mempool.c.obj)

.text.arch_irq_unlock
                0x0000000000000000      0x258
 .text.arch_irq_unlock
                0x0000000000000000       0x3c zephyr/libzephyr.a(clock.c.obj)
 .text.arch_irq_unlock
                0x000000000000003c       0x3c zephyr/arch/arch/posix/core/libarch__posix__core.a(swap.c.obj)
 .text.arch_irq_unlock
                0x0000000000000078       0x3c zephyr/kernel/libkernel.a(fatal.c.obj)
 .text.arch_irq_unlock
                0x00000000000000b4       0x3c zephyr/kernel/libkernel.a(mutex.c.obj)
 .text.arch_irq_unlock
                0x00000000000000f0       0x3c zephyr/kernel/libkernel.a(sem.c.obj)
 .text.arch_irq_unlock
                0x000000000000012c       0x3c zephyr/kernel/libkernel.a(work.c.obj)
 .text.arch_irq_unlock
                0x0000000000000168       0x3c zephyr/kernel/libkernel.a(sched.c.obj)
 .text.arch_irq_unlock
                0x00000000000001a4       0x3c zephyr/kernel/libkernel.a(timeslicing.c.obj)
 .text.arch_irq_unlock
                0x00000000000001e0       0x3c zephyr/kernel/libkernel.a(timeout.c.obj)
 .text.arch_irq_unlock
                0x000000000000021c       0x3c zephyr/kernel/libkernel.a(mempool.c.obj)

.text.z_spinlock_validate_pre
                0x0000000000000000      0x918
 .text.z_spinlock_validate_pre
                0x0000000000000000      0x123 zephyr/libzephyr.a(clock.c.obj)
 .text.z_spinlock_validate_pre
                0x0000000000000123      0x123 zephyr/kernel/libkernel.a(mutex.c.obj)
 .text.z_spinlock_validate_pre
                0x0000000000000246      0x123 zephyr/kernel/libkernel.a(sem.c.obj)
 .text.z_spinlock_validate_pre
                0x0000000000000369      0x123 zephyr/kernel/libkernel.a(work.c.obj)
 .text.z_spinlock_validate_pre
                0x000000000000048c      0x123 zephyr/kernel/libkernel.a(sched.c.obj)
 .text.z_spinlock_validate_pre
                0x00000000000005af      0x123 zephyr/kernel/libkernel.a(timeslicing.c.obj)
 .text.z_spinlock_validate_pre
                0x00000000000006d2      0x123 zephyr/kernel/libkernel.a(timeout.c.obj)
 .text.z_spinlock_validate_pre
                0x00000000000007f5      0x123 zephyr/kernel/libkernel.a(mempool.c.obj)

.text.z_spinlock_validate_post
                0x0000000000000000      0x1f8
 .text.z_spinlock_validate_post
                0x0000000000000000       0x3f zephyr/libzephyr.a(clock.c.obj)
 .text.z_spinlock_validate_post
                0x000000000000003f       0x3f zephyr/kernel/libkernel.a(mutex.c.obj)
 .text.z_spinlock_validate_post
                0x000000000000007e       0x3f zephyr/kernel/libkernel.a(sem.c.obj)
 .text.z_spinlock_validate_post
                0x00000000000000bd       0x3f zephyr/kernel/libkernel.a(work.c.obj)
 .text.z_spinlock_validate_post
                0x00000000000000fc       0x3f zephyr/kernel/libkernel.a(sched.c.obj)
 .text.z_spinlock_validate_post
                0x000000000000013b       0x3f zephyr/kernel/libkernel.a(timeslicing.c.obj)
 .text.z_spinlock_validate_post
                0x000000000000017a       0x3f zephyr/kernel/libkernel.a(timeout.c.obj)
 .text.z_spinlock_validate_post
                0x00000000000001b9       0x3f zephyr/kernel/libkernel.a(mempool.c.obj)

.text.k_spin_lock
                0x0000000000000000      0x3f8
 .text.k_spin_lock
                0x0000000000000000       0x7f zephyr/libzephyr.a(clock.c.obj)
 .text.k_spin_lock
                0x000000000000007f       0x7f zephyr/kernel/libkernel.a(mutex.c.obj)
 .text.k_spin_lock
                0x00000000000000fe       0x7f zephyr/kernel/libkernel.a(sem.c.obj)
 .text.k_spin_lock
                0x000000000000017d       0x7f zephyr/kernel/libkernel.a(work.c.obj)
 .text.k_spin_lock
                0x00000000000001fc       0x7f zephyr/kernel/libkernel.a(sched.c.obj)
 .text.k_spin_lock
                0x000000000000027b       0x7f zephyr/kernel/libkernel.a(timeslicing.c.obj)
 .text.k_spin_lock
                0x00000000000002fa       0x7f zephyr/kernel/libkernel.a(timeout.c.obj)
 .text.k_spin_lock
                0x0000000000000379       0x7f zephyr/kernel/libkernel.a(mempool.c.obj)

.text.k_spin_unlock
                0x0000000000000000      0xa10
 .text.k_spin_unlock
                0x0000000000000000      0x142 zephyr/libzephyr.a(clock.c.obj)
 .text.k_spin_unlock
                0x0000000000000142      0x142 zephyr/kernel/libkernel.a(mutex.c.obj)
 .text.k_spin_unlock
                0x0000000000000284      0x142 zephyr/kernel/libkernel.a(sem.c.obj)
 .text.k_spin_unlock
                0x00000000000003c6      0x142 zephyr/kernel/libkernel.a(work.c.obj)
 .text.k_spin_unlock
                0x0000000000000508      0x142 zephyr/kernel/libkernel.a(sched.c.obj)
 .text.k_spin_unlock
                0x000000000000064a      0x142 zephyr/kernel/libkernel.a(timeslicing.c.obj)
 .text.k_spin_unlock
                0x000000000000078c      0x142 zephyr/kernel/libkernel.a(timeout.c.obj)
 .text.k_spin_unlock
                0x00000000000008ce      0x142 zephyr/kernel/libkernel.a(mempool.c.obj)

.text.z_spin_onexit
                0x0000000000000000      0x303
 .text.z_spin_onexit
                0x0000000000000000      0x101 zephyr/libzephyr.a(clock.c.obj)
 .text.z_spin_onexit
                0x0000000000000101      0x101 zephyr/kernel/libkernel.a(sched.c.obj)
 .text.z_spin_onexit
                0x0000000000000202      0x101 zephyr/kernel/libkernel.a(timeout.c.obj)

.text.reset_clock_offset
                0x0000000000000000       0xc4
 .text.reset_clock_offset
                0x0000000000000000       0xc4 zephyr/libzephyr.a(clock.c.obj)

.text.clock_offset_reset_rule_after
                0x0000000000000000       0x3c
 .text.clock_offset_reset_rule_after
                0x0000000000000000       0x3c zephyr/libzephyr.a(clock.c.obj)

.text.arch_printk_char_out
                0x0000000000000000       0x20
 .text.arch_printk_char_out
                0x0000000000000000       0x20 zephyr/libzephyr.a(printk.c.obj)
                0x0000000000000000                arch_printk_char_out

.text.__printk_hook_install
                0x0000000000000000       0x28
 .text.__printk_hook_install
                0x0000000000000000       0x28 zephyr/libzephyr.a(printk.c.obj)
                0x0000000000000000                __printk_hook_install

.text.vprintk   0x0000000000000000       0x4a
 .text.vprintk  0x0000000000000000       0x4a zephyr/libzephyr.a(printk.c.obj)
                0x0000000000000000                vprintk

.text.printk    0x0000000000000000       0xc6
 .text.printk   0x0000000000000000       0xc6 zephyr/libzephyr.a(printk.c.obj)
                0x0000000000000000                printk

.text.k_is_user_context
                0x0000000000000000       0x57
 .text.k_is_user_context
                0x0000000000000000       0x1d zephyr/libzephyr.a(thread_entry.c.obj)
 .text.k_is_user_context
                0x000000000000001d       0x1d zephyr/libzephyr.a(log_msg.c.obj)
 .text.k_is_user_context
                0x000000000000003a       0x1d zephyr/subsys/testsuite/ztest/libsubsys__testsuite__ztest.a(ztest.c.obj)

.text.k_is_pre_kernel
                0x0000000000000000       0xf2
 .text.k_is_pre_kernel
                0x0000000000000000       0x79 zephyr/libzephyr.a(thread_entry.c.obj)
 .text.k_is_pre_kernel
                0x0000000000000079       0x79 zephyr/subsys/testsuite/ztest/libsubsys__testsuite__ztest.a(ztest.c.obj)

.text.k_current_get
                0x0000000000000000      0x228
 .text.k_current_get
                0x0000000000000000      0x114 zephyr/libzephyr.a(thread_entry.c.obj)
 .text.k_current_get
                0x0000000000000114      0x114 zephyr/subsys/testsuite/ztest/libsubsys__testsuite__ztest.a(ztest.c.obj)

.text.k_sched_current_thread_query
                0x0000000000000000       0x8e
 .text.k_sched_current_thread_query
                0x0000000000000000       0x47 zephyr/libzephyr.a(thread_entry.c.obj)
 .text.k_sched_current_thread_query
                0x0000000000000047       0x47 zephyr/subsys/testsuite/ztest/libsubsys__testsuite__ztest.a(ztest.c.obj)

.text.k_thread_abort
                0x0000000000000000       0xf3
 .text.k_thread_abort
                0x0000000000000000       0x51 zephyr/libzephyr.a(thread_entry.c.obj)
 .text.k_thread_abort
                0x0000000000000051       0x51 zephyr/subsys/testsuite/ztest/libsubsys__testsuite__ztest.a(ztest.c.obj)
 .text.k_thread_abort
                0x00000000000000a2       0x51 zephyr/kernel/libkernel.a(fatal.c.obj)

.text.z_thread_entry
                0x0000000000000000       0xa9
 .text.z_thread_entry
                0x0000000000000000       0xa9 zephyr/libzephyr.a(thread_entry.c.obj)
                0x0000000000000000                z_thread_entry

.text.extract_decimal
                0x0000000000000000       0xaf
 .text.extract_decimal
                0x0000000000000000       0xaf zephyr/libzephyr.a(cbprintf_complete.c.obj)

.text.extract_flags
                0x0000000000000000      0x18d
 .text.extract_flags
                0x0000000000000000      0x18d zephyr/libzephyr.a(cbprintf_complete.c.obj)

.text.extract_width
                0x0000000000000000      0x14d
 .text.extract_width
                0x0000000000000000      0x14d zephyr/libzephyr.a(cbprintf_complete.c.obj)

.text.extract_prec
                0x0000000000000000      0x168
 .text.extract_prec
                0x0000000000000000      0x168 zephyr/libzephyr.a(cbprintf_complete.c.obj)

.text.extract_length
                0x0000000000000000      0x1ec
 .text.extract_length
                0x0000000000000000      0x1ec zephyr/libzephyr.a(cbprintf_complete.c.obj)

.text.extract_specifier
                0x0000000000000000      0x2c2
 .text.extract_specifier
                0x0000000000000000      0x2c2 zephyr/libzephyr.a(cbprintf_complete.c.obj)

.text.extract_conversion
                0x0000000000000000      0x147
 .text.extract_conversion
                0x0000000000000000      0x147 zephyr/libzephyr.a(cbprintf_complete.c.obj)

.text.conversion_radix
                0x0000000000000000       0x76
 .text.conversion_radix
                0x0000000000000000       0x76 zephyr/libzephyr.a(cbprintf_complete.c.obj)

.text.encode_uint
                0x0000000000000000      0x1ae
 .text.encode_uint
                0x0000000000000000      0x1ae zephyr/libzephyr.a(cbprintf_complete.c.obj)

.text.store_count
                0x0000000000000000      0x16e
 .text.store_count
                0x0000000000000000      0x16e zephyr/libzephyr.a(cbprintf_complete.c.obj)

.text.outs      0x0000000000000000       0xf1
 .text.outs     0x0000000000000000       0xf1 zephyr/libzephyr.a(cbprintf_complete.c.obj)

.text.z_cbvprintf_impl
                0x0000000000000000     0x1631
 .text.z_cbvprintf_impl
                0x0000000000000000     0x1631 zephyr/libzephyr.a(cbprintf_complete.c.obj)
                0x0000000000000000                z_cbvprintf_impl

.text.assert_post_action
                0x0000000000000000       0x7a
 .text.assert_post_action
                0x0000000000000000       0x7a zephyr/libzephyr.a(assert.c.obj)
                0x0000000000000000                assert_post_action

.text.assert_print
                0x0000000000000000       0xc6
 .text.assert_print
                0x0000000000000000       0xc6 zephyr/libzephyr.a(assert.c.obj)
                0x0000000000000000                assert_print

.text._ConfigAbsSyms
                0x0000000000000000     0x13db
 .text._ConfigAbsSyms
                0x0000000000000000     0x13db zephyr/libzephyr.a(configs.c.obj)
                0x0000000000000000                _ConfigAbsSyms

.text.atomic_add
                0x0000000000000000       0x30
 .text.atomic_add
                0x0000000000000000       0x30 zephyr/libzephyr.a(log_core.c.obj)

.text.atomic_sub
                0x0000000000000000       0x33
 .text.atomic_sub
                0x0000000000000000       0x33 zephyr/libzephyr.a(log_core.c.obj)

.text.atomic_inc
                0x0000000000000000       0x49
 .text.atomic_inc
                0x0000000000000000       0x49 zephyr/libzephyr.a(log_core.c.obj)

.text.atomic_dec
                0x0000000000000000       0x49
 .text.atomic_dec
                0x0000000000000000       0x49 zephyr/libzephyr.a(log_core.c.obj)

.text.arch_k_cycle_get_32
                0x0000000000000000       0x66
 .text.arch_k_cycle_get_32
                0x0000000000000000       0x33 zephyr/libzephyr.a(log_core.c.obj)
 .text.arch_k_cycle_get_32
                0x0000000000000033       0x33 zephyr/subsys/testsuite/ztest/libsubsys__testsuite__ztest.a(ztest.c.obj)

.text.z_log_item_is_msg
                0x0000000000000000       0x2b
 .text.z_log_item_is_msg
                0x0000000000000000       0x2b zephyr/libzephyr.a(log_core.c.obj)

.text.k_msleep  0x0000000000000000       0x64
 .text.k_msleep
                0x0000000000000000       0x64 zephyr/libzephyr.a(log_core.c.obj)

.text.k_cycle_get_32
                0x0000000000000000       0x66
 .text.k_cycle_get_32
                0x0000000000000000       0x33 zephyr/libzephyr.a(log_core.c.obj)
 .text.k_cycle_get_32
                0x0000000000000033       0x33 zephyr/subsys/testsuite/ztest/libsubsys__testsuite__ztest.a(ztest.c.obj)

.text.k_sleep   0x0000000000000000       0x54
 .text.k_sleep  0x0000000000000000       0x54 zephyr/libzephyr.a(log_core.c.obj)

.text.log_backend_init
                0x0000000000000000      0x12c
 .text.log_backend_init
                0x0000000000000000      0x12c zephyr/libzephyr.a(log_core.c.obj)

.text.log_backend_is_ready
                0x0000000000000000      0x126
 .text.log_backend_is_ready
                0x0000000000000000      0x126 zephyr/libzephyr.a(log_core.c.obj)

.text.log_backend_msg_process
                0x0000000000000000      0x1bf
 .text.log_backend_msg_process
                0x0000000000000000      0x1bf zephyr/libzephyr.a(log_core.c.obj)

.text.log_backend_panic
                0x0000000000000000       0xfe
 .text.log_backend_panic
                0x0000000000000000       0xfe zephyr/libzephyr.a(log_core.c.obj)

.text.log_backend_id_set
                0x0000000000000000       0xec
 .text.log_backend_id_set
                0x0000000000000000       0xec zephyr/libzephyr.a(log_core.c.obj)

.text.log_backend_get
                0x0000000000000000       0x34
 .text.log_backend_get
                0x0000000000000000       0x34 zephyr/libzephyr.a(log_core.c.obj)

.text.log_backend_count_get
                0x0000000000000000       0x3c
 .text.log_backend_count_get
                0x0000000000000000       0x3c zephyr/libzephyr.a(log_core.c.obj)

.text.log_backend_is_active
                0x0000000000000000       0xe3
 .text.log_backend_is_active
                0x0000000000000000       0xe3 zephyr/libzephyr.a(log_core.c.obj)

.text.log_format_func_t_get
                0x0000000000000000       0x31
 .text.log_format_func_t_get
                0x0000000000000000       0x31 zephyr/libzephyr.a(log_core.c.obj)
                0x0000000000000000                log_format_func_t_get

.text.dummy_timestamp
                0x0000000000000000       0x1d
 .text.dummy_timestamp
                0x0000000000000000       0x1d zephyr/libzephyr.a(log_core.c.obj)

.text.z_log_vprintk
                0x0000000000000000       0x65
 .text.z_log_vprintk
                0x0000000000000000       0x65 zephyr/libzephyr.a(log_core.c.obj)
                0x0000000000000000                z_log_vprintk

.text.default_get_timestamp
                0x0000000000000000       0x34
 .text.default_get_timestamp
                0x0000000000000000       0x34 zephyr/libzephyr.a(log_core.c.obj)

.text.log_core_init
                0x0000000000000000      0x1e0
 .text.log_core_init
                0x0000000000000000      0x1e0 zephyr/libzephyr.a(log_core.c.obj)
                0x0000000000000000                log_core_init

.text.activate_foreach_backend
                0x0000000000000000      0x125
 .text.activate_foreach_backend
                0x0000000000000000      0x125 zephyr/libzephyr.a(log_core.c.obj)

.text.z_log_init
                0x0000000000000000      0x3b6
 .text.z_log_init
                0x0000000000000000      0x3b6 zephyr/libzephyr.a(log_core.c.obj)

.text.log_set_timestamp_func
                0x0000000000000000       0x78
 .text.log_set_timestamp_func
                0x0000000000000000       0x78 zephyr/libzephyr.a(log_core.c.obj)
                0x0000000000000000                log_set_timestamp_func

.text.z_impl_log_panic
                0x0000000000000000      0x1d9
 .text.z_impl_log_panic
                0x0000000000000000      0x1d9 zephyr/libzephyr.a(log_core.c.obj)
                0x0000000000000000                z_impl_log_panic

.text.msg_filter_check
                0x0000000000000000       0x69
 .text.msg_filter_check
                0x0000000000000000       0x69 zephyr/libzephyr.a(log_core.c.obj)

.text.msg_process
                0x0000000000000000      0x1d9
 .text.msg_process
                0x0000000000000000      0x1d9 zephyr/libzephyr.a(log_core.c.obj)

.text.z_log_notify_backend_enabled
                0x0000000000000000       0x20
 .text.z_log_notify_backend_enabled
                0x0000000000000000       0x20 zephyr/libzephyr.a(log_core.c.obj)
                0x0000000000000000                z_log_notify_backend_enabled

.text.z_log_dropped
                0x0000000000000000       0x7c
 .text.z_log_dropped
                0x0000000000000000       0x7c zephyr/libzephyr.a(log_core.c.obj)
                0x0000000000000000                z_log_dropped

.text.msg_alloc
                0x0000000000000000       0x24
 .text.msg_alloc
                0x0000000000000000       0x24 zephyr/libzephyr.a(log_core.c.obj)

.text.z_log_msg_alloc
                0x0000000000000000       0x4b
 .text.z_log_msg_alloc
                0x0000000000000000       0x4b zephyr/libzephyr.a(log_core.c.obj)
                0x0000000000000000                z_log_msg_alloc

.text.msg_commit
                0x0000000000000000       0x55
 .text.msg_commit
                0x0000000000000000       0x55 zephyr/libzephyr.a(log_core.c.obj)

.text.z_log_msg_commit
                0x0000000000000000       0x6b
 .text.z_log_msg_commit
                0x0000000000000000       0x6b zephyr/libzephyr.a(log_core.c.obj)
                0x0000000000000000                z_log_msg_commit

.text.z_log_get_tag
                0x0000000000000000       0x1d
 .text.z_log_get_tag
                0x0000000000000000       0x1d zephyr/libzephyr.a(log_core.c.obj)
                0x0000000000000000                z_log_get_tag

.text.enable_logger
                0x0000000000000000       0x3e
 .text.enable_logger
                0x0000000000000000       0x3e zephyr/libzephyr.a(log_core.c.obj)

.text.log_const_source_id
                0x0000000000000000       0x62
 .text.log_const_source_id
                0x0000000000000000       0x31 zephyr/libzephyr.a(log_mgmt.c.obj)
 .text.log_const_source_id
                0x0000000000000031       0x31 zephyr/libzephyr.a(log_msg.c.obj)

.text.z_log_sources_count
                0x0000000000000000       0x3d
 .text.z_log_sources_count
                0x0000000000000000       0x3d zephyr/libzephyr.a(log_mgmt.c.obj)

.text.z_log_is_local_domain
                0x0000000000000000       0x44
 .text.z_log_is_local_domain
                0x0000000000000000       0x22 zephyr/libzephyr.a(log_mgmt.c.obj)
 .text.z_log_is_local_domain
                0x0000000000000022       0x22 zephyr/libzephyr.a(log_msg.c.obj)

.text.log_backend_activate
                0x0000000000000000       0xf7
 .text.log_backend_activate
                0x0000000000000000       0xf7 zephyr/libzephyr.a(log_mgmt.c.obj)

.text.log_link_sources_count
                0x0000000000000000       0xea
 .text.log_link_sources_count
                0x0000000000000000       0xea zephyr/libzephyr.a(log_mgmt.c.obj)

.text.log_link_get_source_name
                0x0000000000000000      0x1dc
 .text.log_link_get_source_name
                0x0000000000000000      0x1dc zephyr/libzephyr.a(log_mgmt.c.obj)

.text.get_link_domain
                0x0000000000000000      0x1ac
 .text.get_link_domain
                0x0000000000000000      0x1ac zephyr/libzephyr.a(log_mgmt.c.obj)

.text.link_source_count
                0x0000000000000000      0x12b
 .text.link_source_count
                0x0000000000000000      0x12b zephyr/libzephyr.a(log_mgmt.c.obj)

.text.log_src_cnt_get
                0x0000000000000000       0x8f
 .text.log_src_cnt_get
                0x0000000000000000       0x8f zephyr/libzephyr.a(log_mgmt.c.obj)
                0x0000000000000000                log_src_cnt_get

.text.link_source_name_get
                0x0000000000000000      0x1f4
 .text.link_source_name_get
                0x0000000000000000      0x1f4 zephyr/libzephyr.a(log_mgmt.c.obj)

.text.log_source_name_get
                0x0000000000000000       0xcb
 .text.log_source_name_get
                0x0000000000000000       0xcb zephyr/libzephyr.a(log_mgmt.c.obj)
                0x0000000000000000                log_source_name_get

.text.backend_filter_set
                0x0000000000000000       0x20
 .text.backend_filter_set
                0x0000000000000000       0x20 zephyr/libzephyr.a(log_mgmt.c.obj)

.text.log_backend_enable
                0x0000000000000000       0x95
 .text.log_backend_enable
                0x0000000000000000       0x95 zephyr/libzephyr.a(log_mgmt.c.obj)
                0x0000000000000000                log_backend_enable

.text.z_snode_next_peek
                0x0000000000000000       0x69
 .text.z_snode_next_peek
                0x0000000000000000       0x23 zephyr/libzephyr.a(log_cache.c.obj)
 .text.z_snode_next_peek
                0x0000000000000023       0x23 zephyr/subsys/zbus/libsubsys__zbus.a(zbus_runtime_observers.c.obj)
 .text.z_snode_next_peek
                0x0000000000000046       0x23 zephyr/kernel/libkernel.a(work.c.obj)

.text.z_snode_next_set
                0x0000000000000000       0x84
 .text.z_snode_next_set
                0x0000000000000000       0x2c zephyr/libzephyr.a(log_cache.c.obj)
 .text.z_snode_next_set
                0x000000000000002c       0x2c zephyr/subsys/zbus/libsubsys__zbus.a(zbus_runtime_observers.c.obj)
 .text.z_snode_next_set
                0x0000000000000058       0x2c zephyr/kernel/libkernel.a(work.c.obj)

.text.z_slist_head_set
                0x0000000000000000       0x84
 .text.z_slist_head_set
                0x0000000000000000       0x2c zephyr/libzephyr.a(log_cache.c.obj)
 .text.z_slist_head_set
                0x000000000000002c       0x2c zephyr/subsys/zbus/libsubsys__zbus.a(zbus_runtime_observers.c.obj)
 .text.z_slist_head_set
                0x0000000000000058       0x2c zephyr/kernel/libkernel.a(work.c.obj)

.text.z_slist_tail_set
                0x0000000000000000       0x87
 .text.z_slist_tail_set
                0x0000000000000000       0x2d zephyr/libzephyr.a(log_cache.c.obj)
 .text.z_slist_tail_set
                0x000000000000002d       0x2d zephyr/subsys/zbus/libsubsys__zbus.a(zbus_runtime_observers.c.obj)
 .text.z_slist_tail_set
                0x000000000000005a       0x2d zephyr/kernel/libkernel.a(work.c.obj)

.text.sys_slist_peek_head
                0x0000000000000000       0x69
 .text.sys_slist_peek_head
                0x0000000000000000       0x23 zephyr/libzephyr.a(log_cache.c.obj)
 .text.sys_slist_peek_head
                0x0000000000000023       0x23 zephyr/subsys/zbus/libsubsys__zbus.a(zbus_runtime_observers.c.obj)
 .text.sys_slist_peek_head
                0x0000000000000046       0x23 zephyr/kernel/libkernel.a(work.c.obj)

.text.sys_slist_peek_tail
                0x0000000000000000       0x6c
 .text.sys_slist_peek_tail
                0x0000000000000000       0x24 zephyr/libzephyr.a(log_cache.c.obj)
 .text.sys_slist_peek_tail
                0x0000000000000024       0x24 zephyr/subsys/zbus/libsubsys__zbus.a(zbus_runtime_observers.c.obj)
 .text.sys_slist_peek_tail
                0x0000000000000048       0x24 zephyr/kernel/libkernel.a(work.c.obj)

.text.sys_slist_is_empty
                0x0000000000000000       0x88
 .text.sys_slist_is_empty
                0x0000000000000000       0x44 zephyr/libzephyr.a(log_cache.c.obj)
 .text.sys_slist_is_empty
                0x0000000000000044       0x44 zephyr/kernel/libkernel.a(work.c.obj)

.text.sys_slist_peek_next_no_check
                0x0000000000000000       0xcc
 .text.sys_slist_peek_next_no_check
                0x0000000000000000       0x44 zephyr/libzephyr.a(log_cache.c.obj)
 .text.sys_slist_peek_next_no_check
                0x0000000000000044       0x44 zephyr/subsys/zbus/libsubsys__zbus.a(zbus_runtime_observers.c.obj)
 .text.sys_slist_peek_next_no_check
                0x0000000000000088       0x44 zephyr/kernel/libkernel.a(work.c.obj)

.text.sys_slist_peek_next
                0x0000000000000000      0x11a
 .text.sys_slist_peek_next
                0x0000000000000000       0x5e zephyr/libzephyr.a(log_cache.c.obj)
 .text.sys_slist_peek_next
                0x000000000000005e       0x5e zephyr/subsys/zbus/libsubsys__zbus.a(zbus_runtime_observers.c.obj)
 .text.sys_slist_peek_next
                0x00000000000000bc       0x5e zephyr/kernel/libkernel.a(work.c.obj)

.text.sys_slist_prepend
                0x0000000000000000      0x102
 .text.sys_slist_prepend
                0x0000000000000000      0x102 zephyr/libzephyr.a(log_cache.c.obj)

.text.sys_slist_get_not_empty
                0x0000000000000000      0x206
 .text.sys_slist_get_not_empty
                0x0000000000000000      0x103 zephyr/libzephyr.a(log_cache.c.obj)
 .text.sys_slist_get_not_empty
                0x0000000000000103      0x103 zephyr/kernel/libkernel.a(work.c.obj)

.text.sys_slist_get
                0x0000000000000000       0xf2
 .text.sys_slist_get
                0x0000000000000000       0x79 zephyr/libzephyr.a(log_cache.c.obj)
 .text.sys_slist_get
                0x0000000000000079       0x79 zephyr/kernel/libkernel.a(work.c.obj)

.text.sys_slist_remove
                0x0000000000000000      0x390
 .text.sys_slist_remove
                0x0000000000000000      0x1c8 zephyr/libzephyr.a(log_cache.c.obj)
 .text.sys_slist_remove
                0x00000000000001c8      0x1c8 zephyr/kernel/libkernel.a(work.c.obj)

.text.log_cache_get
                0x0000000000000000      0x2ea
 .text.log_cache_get
                0x0000000000000000      0x2ea zephyr/libzephyr.a(log_cache.c.obj)
                0x0000000000000000                log_cache_get

.text.log_cache_put
                0x0000000000000000       0x56
 .text.log_cache_put
                0x0000000000000000       0x56 zephyr/libzephyr.a(log_cache.c.obj)
                0x0000000000000000                log_cache_put

.text.z_cbprintf_cpy
                0x0000000000000000       0xc3
 .text.z_cbprintf_cpy
                0x0000000000000000       0xc3 zephyr/libzephyr.a(log_msg.c.obj)

.text.cbprintf_package_copy
                0x0000000000000000       0xb5
 .text.cbprintf_package_copy
                0x0000000000000000       0xb5 zephyr/libzephyr.a(log_msg.c.obj)

.text.log_msg_get_total_wlen
                0x0000000000000000       0x46
 .text.log_msg_get_total_wlen
                0x0000000000000000       0x46 zephyr/libzephyr.a(log_msg.c.obj)

.text.log_msg_get_domain
                0x0000000000000000       0x52
 .text.log_msg_get_domain
                0x0000000000000000       0x29 zephyr/libzephyr.a(log_msg.c.obj)
 .text.log_msg_get_domain
                0x0000000000000029       0x29 zephyr/libzephyr.a(log_output.c.obj)

.text.log_msg_get_source
                0x0000000000000000       0x24
 .text.log_msg_get_source
                0x0000000000000000       0x24 zephyr/libzephyr.a(log_msg.c.obj)

.text.z_log_msg_static_create
                0x0000000000000000       0x67
 .text.z_log_msg_static_create
                0x0000000000000000       0x67 zephyr/libzephyr.a(log_msg.c.obj)

.text.log_source_id
                0x0000000000000000       0x42
 .text.log_source_id
                0x0000000000000000       0x42 zephyr/libzephyr.a(log_msg.c.obj)

.text.z_log_msg_finalize
                0x0000000000000000       0xeb
 .text.z_log_msg_finalize
                0x0000000000000000       0xeb zephyr/libzephyr.a(log_msg.c.obj)
                0x0000000000000000                z_log_msg_finalize

.text.z_impl_z_log_msg_static_create
                0x0000000000000000      0x370
 .text.z_impl_z_log_msg_static_create
                0x0000000000000000      0x370 zephyr/libzephyr.a(log_msg.c.obj)
                0x0000000000000000                z_impl_z_log_msg_static_create

.text.z_log_msg_runtime_vcreate
                0x0000000000000000      0x56b
 .text.z_log_msg_runtime_vcreate
                0x0000000000000000      0x56b zephyr/libzephyr.a(log_msg.c.obj)
                0x0000000000000000                z_log_msg_runtime_vcreate

.text.log_msg_get_source_id
                0x0000000000000000       0xff
 .text.log_msg_get_source_id
                0x0000000000000000       0xff zephyr/libzephyr.a(log_msg.c.obj)
                0x0000000000000000                log_msg_get_source_id

.text.cbvprintf
                0x0000000000000000       0x60
 .text.cbvprintf
                0x0000000000000000       0x60 zephyr/libzephyr.a(log_output.c.obj)

.text.cbpprintf
                0x0000000000000000       0x59
 .text.cbpprintf
                0x0000000000000000       0x59 zephyr/libzephyr.a(log_output.c.obj)

.text.log_msg_get_level
                0x0000000000000000       0x2a
 .text.log_msg_get_level
                0x0000000000000000       0x2a zephyr/libzephyr.a(log_output.c.obj)

.text.log_msg_get_timestamp
                0x0000000000000000       0x23
 .text.log_msg_get_timestamp
                0x0000000000000000       0x23 zephyr/libzephyr.a(log_output.c.obj)

.text.log_msg_get_tid
                0x0000000000000000       0x21
 .text.log_msg_get_tid
                0x0000000000000000       0x21 zephyr/libzephyr.a(log_output.c.obj)

.text.log_msg_get_core_id
                0x0000000000000000       0x21
 .text.log_msg_get_core_id
                0x0000000000000000       0x21 zephyr/libzephyr.a(log_output.c.obj)

.text.log_msg_get_data
                0x0000000000000000       0x51
 .text.log_msg_get_data
                0x0000000000000000       0x51 zephyr/libzephyr.a(log_output.c.obj)

.text.log_msg_get_package
                0x0000000000000000       0x3f
 .text.log_msg_get_package
                0x0000000000000000       0x3f zephyr/libzephyr.a(log_output.c.obj)

.text.log_output_write
                0x0000000000000000      0x112
 .text.log_output_write
                0x0000000000000000       0x89 zephyr/libzephyr.a(log_output.c.obj)
 .text.log_output_write
                0x0000000000000089       0x89 zephyr/libzephyr.a(log_backend_native_posix.c.obj)

.text.log_output_flush
                0x0000000000000000       0xf2
 .text.log_output_flush
                0x0000000000000000       0x79 zephyr/libzephyr.a(log_output.c.obj)
 .text.log_output_flush
                0x0000000000000079       0x79 zephyr/libzephyr.a(log_backend_native_posix.c.obj)

.text.out_func  0x0000000000000000       0x69
 .text.out_func
                0x0000000000000000       0x69 zephyr/libzephyr.a(log_output.c.obj)

.text.cr_out_func
                0x0000000000000000       0x86
 .text.cr_out_func
                0x0000000000000000       0x86 zephyr/libzephyr.a(log_output.c.obj)

.text.print_formatted
                0x0000000000000000       0xe9
 .text.print_formatted
                0x0000000000000000       0xe9 zephyr/libzephyr.a(log_output.c.obj)

.text.timestamp_print
                0x0000000000000000      0x1f0
 .text.timestamp_print
                0x0000000000000000      0x1f0 zephyr/libzephyr.a(log_output.c.obj)

.text.color_print
                0x0000000000000000       0xe3
 .text.color_print
                0x0000000000000000       0xe3 zephyr/libzephyr.a(log_output.c.obj)

.text.color_prefix
                0x0000000000000000       0x55
 .text.color_prefix
                0x0000000000000000       0x55 zephyr/libzephyr.a(log_output.c.obj)

.text.color_postfix
                0x0000000000000000       0x55
 .text.color_postfix
                0x0000000000000000       0x55 zephyr/libzephyr.a(log_output.c.obj)

.text.ids_print
                0x0000000000000000      0x17b
 .text.ids_print
                0x0000000000000000      0x17b zephyr/libzephyr.a(log_output.c.obj)

.text.newline_print
                0x0000000000000000       0xbb
 .text.newline_print
                0x0000000000000000       0xbb zephyr/libzephyr.a(log_output.c.obj)

.text.hexdump_line_print
                0x0000000000000000      0x344
 .text.hexdump_line_print
                0x0000000000000000      0x344 zephyr/libzephyr.a(log_output.c.obj)

.text.log_msg_hexdump
                0x0000000000000000       0xa0
 .text.log_msg_hexdump
                0x0000000000000000       0xa0 zephyr/libzephyr.a(log_output.c.obj)

.text.prefix_print
                0x0000000000000000      0x299
 .text.prefix_print
                0x0000000000000000      0x299 zephyr/libzephyr.a(log_output.c.obj)

.text.postfix_print
                0x0000000000000000       0x79
 .text.postfix_print
                0x0000000000000000       0x79 zephyr/libzephyr.a(log_output.c.obj)

.text.log_output_process
                0x0000000000000000      0x29e
 .text.log_output_process
                0x0000000000000000      0x29e zephyr/libzephyr.a(log_output.c.obj)
                0x0000000000000000                log_output_process

.text.log_output_msg_process
                0x0000000000000000      0x212
 .text.log_output_msg_process
                0x0000000000000000      0x212 zephyr/libzephyr.a(log_output.c.obj)
                0x0000000000000000                log_output_msg_process

.text.log_output_timestamp_freq_set
                0x0000000000000000       0x62
 .text.log_output_timestamp_freq_set
                0x0000000000000000       0x62 zephyr/libzephyr.a(log_output.c.obj)
                0x0000000000000000                log_output_timestamp_freq_set

.text.log_backend_std_get_flags
                0x0000000000000000       0x32
 .text.log_backend_std_get_flags
                0x0000000000000000       0x32 zephyr/libzephyr.a(log_backend_native_posix.c.obj)

.text.preprint_char
                0x0000000000000000       0xe7
 .text.preprint_char
                0x0000000000000000       0xe7 zephyr/libzephyr.a(log_backend_native_posix.c.obj)

.text.char_out  0x0000000000000000       0x81
 .text.char_out
                0x0000000000000000       0x81 zephyr/libzephyr.a(log_backend_native_posix.c.obj)

.text.panic     0x0000000000000000       0x42
 .text.panic    0x0000000000000000       0x42 zephyr/libzephyr.a(log_backend_native_posix.c.obj)

.text.process   0x0000000000000000       0x8e
 .text.process  0x0000000000000000       0x8e zephyr/libzephyr.a(log_backend_native_posix.c.obj)

.text.format_set
                0x0000000000000000       0x2d
 .text.format_set
                0x0000000000000000       0x2d zephyr/libzephyr.a(log_backend_native_posix.c.obj)

.text.sys_trace_isr_enter
                0x0000000000000000       0x19
 .text.sys_trace_isr_enter
                0x0000000000000000       0x19 zephyr/libzephyr.a(tracing_none.c.obj)
                0x0000000000000000                sys_trace_isr_enter

.text.sys_trace_isr_exit
                0x0000000000000000       0x19
 .text.sys_trace_isr_exit
                0x0000000000000000       0x19 zephyr/libzephyr.a(tracing_none.c.obj)
                0x0000000000000000                sys_trace_isr_exit

.text.arch_cpu_idle
                0x0000000000000000       0x47
 .text.arch_cpu_idle
                0x0000000000000000       0x47 zephyr/arch/arch/posix/core/libarch__posix__core.a(cpuhalt.c.obj)
                0x0000000000000000                arch_cpu_idle

.text.arch_system_halt
                0x0000000000000000       0x78
 .text.arch_system_halt
                0x0000000000000000       0x78 zephyr/arch/arch/posix/core/libarch__posix__core.a(fatal.c.obj)
                0x0000000000000000                arch_system_halt

.text.arch_irq_enable
                0x0000000000000000       0x3c
 .text.arch_irq_enable
                0x0000000000000000       0x3c zephyr/arch/arch/posix/core/libarch__posix__core.a(irq.c.obj)
                0x0000000000000000                arch_irq_enable

.text.arch_swap
                0x0000000000000000       0xe0
 .text.arch_swap
                0x0000000000000000       0xe0 zephyr/arch/arch/posix/core/libarch__posix__core.a(swap.c.obj)
                0x0000000000000000                arch_swap

.text.arch_switch_to_main_thread
                0x0000000000000000       0x72
 .text.arch_switch_to_main_thread
                0x0000000000000000       0x72 zephyr/arch/arch/posix/core/libarch__posix__core.a(swap.c.obj)
                0x0000000000000000                arch_switch_to_main_thread

.text.arch_new_thread
                0x0000000000000000       0xac
 .text.arch_new_thread
                0x0000000000000000       0xac zephyr/arch/arch/posix/core/libarch__posix__core.a(thread.c.obj)
                0x0000000000000000                arch_new_thread

.text.arch_thread_name_set
                0x0000000000000000       0xed
 .text.arch_thread_name_set
                0x0000000000000000       0xed zephyr/arch/arch/posix/core/libarch__posix__core.a(thread.c.obj)
                0x0000000000000000                arch_thread_name_set

.text.posix_arch_thread_entry
                0x0000000000000000       0x64
 .text.posix_arch_thread_entry
                0x0000000000000000       0x64 zephyr/arch/arch/posix/core/libarch__posix__core.a(thread.c.obj)
                0x0000000000000000                posix_arch_thread_entry

.text.arch_coprocessors_disable
                0x0000000000000000       0x21
 .text.arch_coprocessors_disable
                0x0000000000000000       0x21 zephyr/arch/arch/posix/core/libarch__posix__core.a(thread.c.obj)
                0x0000000000000000                arch_coprocessors_disable

.text.z_impl_k_thread_abort
                0x0000000000000000      0x167
 .text.z_impl_k_thread_abort
                0x0000000000000000      0x167 zephyr/arch/arch/posix/core/libarch__posix__core.a(thread.c.obj)
                0x0000000000000000                z_impl_k_thread_abort

.text.posix_arch_init
                0x0000000000000000       0x41
 .text.posix_arch_init
                0x0000000000000000       0x41 zephyr/arch/arch/posix/core/libarch__posix__core.a(posix_core_nsi.c.obj)
                0x0000000000000000                posix_arch_init

.text.posix_arch_clean_up
                0x0000000000000000       0x3a
 .text.posix_arch_clean_up
                0x0000000000000000       0x3a zephyr/arch/arch/posix/core/libarch__posix__core.a(posix_core_nsi.c.obj)
                0x0000000000000000                posix_arch_clean_up

.text.posix_swap
                0x0000000000000000       0x49
 .text.posix_swap
                0x0000000000000000       0x49 zephyr/arch/arch/posix/core/libarch__posix__core.a(posix_core_nsi.c.obj)
                0x0000000000000000                posix_swap

.text.posix_main_thread_start
                0x0000000000000000       0x46
 .text.posix_main_thread_start
                0x0000000000000000       0x46 zephyr/arch/arch/posix/core/libarch__posix__core.a(posix_core_nsi.c.obj)
                0x0000000000000000                posix_main_thread_start

.text.posix_new_thread
                0x0000000000000000       0x4c
 .text.posix_new_thread
                0x0000000000000000       0x4c zephyr/arch/arch/posix/core/libarch__posix__core.a(posix_core_nsi.c.obj)
                0x0000000000000000                posix_new_thread

.text.posix_abort_thread
                0x0000000000000000       0x46
 .text.posix_abort_thread
                0x0000000000000000       0x46 zephyr/arch/arch/posix/core/libarch__posix__core.a(posix_core_nsi.c.obj)
                0x0000000000000000                posix_abort_thread

.text.posix_arch_thread_name_set
                0x0000000000000000       0x51
 .text.posix_arch_thread_name_set
                0x0000000000000000       0x51 zephyr/arch/arch/posix/core/libarch__posix__core.a(posix_core_nsi.c.obj)
                0x0000000000000000                posix_arch_thread_name_set

.text.posix_is_cpu_running
                0x0000000000000000       0x3d
 .text.posix_is_cpu_running
                0x0000000000000000       0x3d zephyr/soc/soc/native/libsoc__native__inf_clock.a(soc.c.obj)
                0x0000000000000000                posix_is_cpu_running

.text.posix_interrupt_raised
                0x0000000000000000       0x3a
 .text.posix_interrupt_raised
                0x0000000000000000       0x3a zephyr/soc/soc/native/libsoc__native__inf_clock.a(soc.c.obj)
                0x0000000000000000                posix_interrupt_raised

.text.posix_halt_cpu
                0x0000000000000000       0x51
 .text.posix_halt_cpu
                0x0000000000000000       0x51 zephyr/soc/soc/native/libsoc__native__inf_clock.a(soc.c.obj)
                0x0000000000000000                posix_halt_cpu

.text.posix_boot_cpu
                0x0000000000000000       0x79
 .text.posix_boot_cpu
                0x0000000000000000       0x79 zephyr/soc/soc/native/libsoc__native__inf_clock.a(soc.c.obj)
                0x0000000000000000                posix_boot_cpu

.text.posix_soc_clean_up
                0x0000000000000000       0x6d
 .text.posix_soc_clean_up
                0x0000000000000000       0x6d zephyr/soc/soc/native/libsoc__native__inf_clock.a(soc.c.obj)
                0x0000000000000000                posix_soc_clean_up

.text.run_native_tasks
                0x0000000000000000       0xb0
 .text.run_native_tasks
                0x0000000000000000       0xb0 zephyr/soc/soc/native/libsoc__native__inf_clock.a(native_tasks.c.obj)
                0x0000000000000000                run_native_tasks

.text.native_add_command_line_opts
                0x0000000000000000       0x3f
 .text.native_add_command_line_opts
                0x0000000000000000       0x3f zephyr/boards/native/native_sim/libboards__native__native_sim.a(cmdline.c.obj)
                0x0000000000000000                native_add_command_line_opts

.text.arch_irq_unlocked
                0x0000000000000000       0xaa
 .text.arch_irq_unlocked
                0x0000000000000000       0x22 zephyr/boards/native/native_sim/libboards__native__native_sim.a(irq_handler.c.obj)
 .text.arch_irq_unlocked
                0x0000000000000022       0x22 zephyr/kernel/libkernel.a(idle.c.obj)
 .text.arch_irq_unlocked
                0x0000000000000044       0x22 zephyr/kernel/libkernel.a(mutex.c.obj)
 .text.arch_irq_unlocked
                0x0000000000000066       0x22 zephyr/kernel/libkernel.a(sem.c.obj)
 .text.arch_irq_unlocked
                0x0000000000000088       0x22 zephyr/kernel/libkernel.a(sched.c.obj)

.text.z_swap_irqlock
                0x0000000000000000      0x2d4
 .text.z_swap_irqlock
                0x0000000000000000      0x16a zephyr/boards/native/native_sim/libboards__native__native_sim.a(irq_handler.c.obj)
 .text.z_swap_irqlock
                0x000000000000016a      0x16a zephyr/kernel/libkernel.a(sched.c.obj)

.text.vector_to_irq
                0x0000000000000000      0x1a1
 .text.vector_to_irq
                0x0000000000000000      0x1a1 zephyr/boards/native/native_sim/libboards__native__native_sim.a(irq_handler.c.obj)

.text.posix_irq_handler
                0x0000000000000000      0x2a1
 .text.posix_irq_handler
                0x0000000000000000      0x2a1 zephyr/boards/native/native_sim/libboards__native__native_sim.a(irq_handler.c.obj)
                0x0000000000000000                posix_irq_handler

.text.posix_irq_lock
                0x0000000000000000       0x38
 .text.posix_irq_lock
                0x0000000000000000       0x38 zephyr/boards/native/native_sim/libboards__native__native_sim.a(irq_handler.c.obj)
                0x0000000000000000                posix_irq_lock

.text.posix_irq_unlock
                0x0000000000000000       0x3c
 .text.posix_irq_unlock
                0x0000000000000000       0x3c zephyr/boards/native/native_sim/libboards__native__native_sim.a(irq_handler.c.obj)
                0x0000000000000000                posix_irq_unlock

.text.posix_irq_full_unlock
                0x0000000000000000       0x35
 .text.posix_irq_full_unlock
                0x0000000000000000       0x35 zephyr/boards/native/native_sim/libboards__native__native_sim.a(irq_handler.c.obj)
                0x0000000000000000                posix_irq_full_unlock

.text.posix_irq_enable
                0x0000000000000000       0x3c
 .text.posix_irq_enable
                0x0000000000000000       0x3c zephyr/boards/native/native_sim/libboards__native__native_sim.a(irq_handler.c.obj)
                0x0000000000000000                posix_irq_enable

.text.posix_isr_declare
                0x0000000000000000       0xf6
 .text.posix_isr_declare
                0x0000000000000000       0xf6 zephyr/boards/native/native_sim/libboards__native__native_sim.a(irq_handler.c.obj)
                0x0000000000000000                posix_isr_declare

.text.posix_irq_priority_set
                0x0000000000000000       0x8b
 .text.posix_irq_priority_set
                0x0000000000000000       0x8b zephyr/boards/native/native_sim/libboards__native__native_sim.a(irq_handler.c.obj)
                0x0000000000000000                posix_irq_priority_set

.text.posix_exit
                0x0000000000000000       0x27
 .text.posix_exit
                0x0000000000000000       0x27 zephyr/boards/native/native_sim/libboards__native__native_sim.a(posix_arch_if.c.obj)
                0x0000000000000000                posix_exit

.text.posix_print_error_and_exit
                0x0000000000000000       0xb1
 .text.posix_print_error_and_exit
                0x0000000000000000       0xb1 zephyr/boards/native/native_sim/libboards__native__native_sim.a(posix_arch_if.c.obj)
                0x0000000000000000                posix_print_error_and_exit

.text.posix_print_warning
                0x0000000000000000       0xc6
 .text.posix_print_warning
                0x0000000000000000       0xc6 zephyr/boards/native/native_sim/libboards__native__native_sim.a(posix_arch_if.c.obj)
                0x0000000000000000                posix_print_warning

.text.posix_print_trace
                0x0000000000000000       0xc6
 .text.posix_print_trace
                0x0000000000000000       0xc6 zephyr/boards/native/native_sim/libboards__native__native_sim.a(posix_arch_if.c.obj)
                0x0000000000000000                posix_print_trace

.text.z_impl_k_object_access_grant
                0x0000000000000000       0x21
 .text.z_impl_k_object_access_grant
                0x0000000000000000       0x21 zephyr/subsys/testsuite/ztest/libsubsys__testsuite__ztest.a(ztest.c.obj)

.text.k_object_access_all_grant
                0x0000000000000000       0x1d
 .text.k_object_access_all_grant
                0x0000000000000000       0x1d zephyr/subsys/testsuite/ztest/libsubsys__testsuite__ztest.a(ztest.c.obj)

.text.k_object_access_grant
                0x0000000000000000       0x5c
 .text.k_object_access_grant
                0x0000000000000000       0x5c zephyr/subsys/testsuite/ztest/libsubsys__testsuite__ztest.a(ztest.c.obj)

.text.k_thread_start
                0x0000000000000000       0xfc
 .text.k_thread_start
                0x0000000000000000       0x3f zephyr/subsys/testsuite/ztest/libsubsys__testsuite__ztest.a(ztest.c.obj)
 .text.k_thread_start
                0x000000000000003f       0x3f zephyr/kernel/libkernel.a(init.c.obj)
 .text.k_thread_start
                0x000000000000007e       0x3f zephyr/kernel/libkernel.a(work.c.obj)
 .text.k_thread_start
                0x00000000000000bd       0x3f zephyr/kernel/libkernel.a(thread.c.obj)

.text.k_thread_create
                0x0000000000000000      0x120
 .text.k_thread_create
                0x0000000000000000       0x90 zephyr/subsys/testsuite/ztest/libsubsys__testsuite__ztest.a(ztest.c.obj)
 .text.k_thread_create
                0x0000000000000090       0x90 zephyr/kernel/libkernel.a(work.c.obj)

.text.k_thread_join
                0x0000000000000000       0x5f
 .text.k_thread_join
                0x0000000000000000       0x5f zephyr/subsys/testsuite/ztest/libsubsys__testsuite__ztest.a(ztest.c.obj)

.text.k_wakeup  0x0000000000000000      0x144
 .text.k_wakeup
                0x0000000000000000       0x51 zephyr/subsys/testsuite/ztest/libsubsys__testsuite__ztest.a(ztest.c.obj)
 .text.k_wakeup
                0x0000000000000051       0x51 zephyr/kernel/libkernel.a(init.c.obj)
 .text.k_wakeup
                0x00000000000000a2       0x51 zephyr/kernel/libkernel.a(work.c.obj)
 .text.k_wakeup
                0x00000000000000f3       0x51 zephyr/kernel/libkernel.a(thread.c.obj)

.text.k_thread_name_set
                0x0000000000000000       0xbe
 .text.k_thread_name_set
                0x0000000000000000       0x5f zephyr/subsys/testsuite/ztest/libsubsys__testsuite__ztest.a(ztest.c.obj)
 .text.k_thread_name_set
                0x000000000000005f       0x5f zephyr/kernel/libkernel.a(work.c.obj)

.text.TC_RESULT_TO_STR
                0x0000000000000000       0xb8
 .text.TC_RESULT_TO_STR
                0x0000000000000000       0xb8 zephyr/subsys/testsuite/ztest/libsubsys__testsuite__ztest.a(ztest.c.obj)

.text.get_start_time_cyc
                0x0000000000000000       0x36
 .text.get_start_time_cyc
                0x0000000000000000       0x36 zephyr/subsys/testsuite/ztest/libsubsys__testsuite__ztest.a(ztest.c.obj)

.text.get_test_duration_ms
                0x0000000000000000       0x9d
 .text.get_test_duration_ms
                0x0000000000000000       0x9d zephyr/subsys/testsuite/ztest/libsubsys__testsuite__ztest.a(ztest.c.obj)

.text.log_flush
                0x0000000000000000       0x19
 .text.log_flush
                0x0000000000000000       0x19 zephyr/subsys/testsuite/ztest/libsubsys__testsuite__ztest.a(ztest.c.obj)

.text.log_panic
                0x0000000000000000       0x84
 .text.log_panic
                0x0000000000000000       0x42 zephyr/subsys/testsuite/ztest/libsubsys__testsuite__ztest.a(ztest.c.obj)
 .text.log_panic
                0x0000000000000042       0x42 zephyr/kernel/libkernel.a(fatal.c.obj)

.text.__ztest_set_test_result
                0x0000000000000000       0x4e
 .text.__ztest_set_test_result
                0x0000000000000000       0x4e zephyr/subsys/testsuite/ztest/libsubsys__testsuite__ztest.a(ztest.c.obj)

.text.__ztest_set_test_phase
                0x0000000000000000       0x4e
 .text.__ztest_set_test_phase
                0x0000000000000000       0x4e zephyr/subsys/testsuite/ztest/libsubsys__testsuite__ztest.a(ztest.c.obj)

.text.end_report
                0x0000000000000000      0x187
 .text.end_report
                0x0000000000000000      0x187 zephyr/subsys/testsuite/ztest/libsubsys__testsuite__ztest.a(ztest.c.obj)

.text.cleanup_test
                0x0000000000000000      0x124
 .text.cleanup_test
                0x0000000000000000      0x124 zephyr/subsys/testsuite/ztest/libsubsys__testsuite__ztest.a(ztest.c.obj)

.text.run_test_rules
                0x0000000000000000      0x12a
 .text.run_test_rules
                0x0000000000000000      0x12a zephyr/subsys/testsuite/ztest/libsubsys__testsuite__ztest.a(ztest.c.obj)

.text.run_test_functions
                0x0000000000000000       0x68
 .text.run_test_functions
                0x0000000000000000       0x68 zephyr/subsys/testsuite/ztest/libsubsys__testsuite__ztest.a(ztest.c.obj)

.text.get_final_test_result
                0x0000000000000000      0x119
 .text.get_final_test_result
                0x0000000000000000      0x119 zephyr/subsys/testsuite/ztest/libsubsys__testsuite__ztest.a(ztest.c.obj)

.text.get_friendly_phase_name
                0x0000000000000000       0xf4
 .text.get_friendly_phase_name
                0x0000000000000000       0xf4 zephyr/subsys/testsuite/ztest/libsubsys__testsuite__ztest.a(ztest.c.obj)

.text.test_finalize
                0x0000000000000000       0xbb
 .text.test_finalize
                0x0000000000000000       0xbb zephyr/subsys/testsuite/ztest/libsubsys__testsuite__ztest.a(ztest.c.obj)

.text.ztest_test_fail
                0x0000000000000000       0xfc
 .text.ztest_test_fail
                0x0000000000000000       0xfc zephyr/subsys/testsuite/ztest/libsubsys__testsuite__ztest.a(ztest.c.obj)
                0x0000000000000000                ztest_test_fail

.text.test_cb   0x0000000000000000      0x14d
 .text.test_cb  0x0000000000000000      0x14d zephyr/subsys/testsuite/ztest/libsubsys__testsuite__ztest.a(ztest.c.obj)

.text.run_test  0x0000000000000000      0x525
 .text.run_test
                0x0000000000000000      0x525 zephyr/subsys/testsuite/ztest/libsubsys__testsuite__ztest.a(ztest.c.obj)

.text.ztest_find_test_suite
                0x0000000000000000       0x88
 .text.ztest_find_test_suite
                0x0000000000000000       0x88 zephyr/subsys/testsuite/ztest/libsubsys__testsuite__ztest.a(ztest.c.obj)

.text.z_ztest_get_next_test
                0x0000000000000000       0xaf
 .text.z_ztest_get_next_test
                0x0000000000000000       0xaf zephyr/subsys/testsuite/ztest/libsubsys__testsuite__ztest.a(ztest.c.obj)
                0x0000000000000000                z_ztest_get_next_test

.text.z_ztest_run_test_suite_ptr
                0x0000000000000000      0x487
 .text.z_ztest_run_test_suite_ptr
                0x0000000000000000      0x487 zephyr/subsys/testsuite/ztest/libsubsys__testsuite__ztest.a(ztest.c.obj)

.text.__ztest_show_suite_summary_oneline
                0x0000000000000000      0x2ef
 .text.__ztest_show_suite_summary_oneline
                0x0000000000000000      0x2ef zephyr/subsys/testsuite/ztest/libsubsys__testsuite__ztest.a(ztest.c.obj)

.text.__ztest_show_suite_summary_verbose
                0x0000000000000000      0x362
 .text.__ztest_show_suite_summary_verbose
                0x0000000000000000      0x362 zephyr/subsys/testsuite/ztest/libsubsys__testsuite__ztest.a(ztest.c.obj)

.text.__ztest_show_suite_summary
                0x0000000000000000      0x11a
 .text.__ztest_show_suite_summary
                0x0000000000000000      0x11a zephyr/subsys/testsuite/ztest/libsubsys__testsuite__ztest.a(ztest.c.obj)

.text.__ztest_run_test_suite
                0x0000000000000000      0x148
 .text.__ztest_run_test_suite
                0x0000000000000000      0x148 zephyr/subsys/testsuite/ztest/libsubsys__testsuite__ztest.a(ztest.c.obj)

.text.z_impl_ztest_run_test_suites
                0x0000000000000000       0xeb
 .text.z_impl_ztest_run_test_suites
                0x0000000000000000       0xeb zephyr/subsys/testsuite/ztest/libsubsys__testsuite__ztest.a(ztest.c.obj)
                0x0000000000000000                z_impl_ztest_run_test_suites

.text.z_impl___ztest_set_test_result
                0x0000000000000000       0x25
 .text.z_impl___ztest_set_test_result
                0x0000000000000000       0x25 zephyr/subsys/testsuite/ztest/libsubsys__testsuite__ztest.a(ztest.c.obj)
                0x0000000000000000                z_impl___ztest_set_test_result

.text.z_impl___ztest_set_test_phase
                0x0000000000000000       0x25
 .text.z_impl___ztest_set_test_phase
                0x0000000000000000       0x25 zephyr/subsys/testsuite/ztest/libsubsys__testsuite__ztest.a(ztest.c.obj)
                0x0000000000000000                z_impl___ztest_set_test_phase

.text.ztest_verify_all_test_suites_ran
                0x0000000000000000      0x23f
 .text.ztest_verify_all_test_suites_ran
                0x0000000000000000      0x23f zephyr/subsys/testsuite/ztest/libsubsys__testsuite__ztest.a(ztest.c.obj)
                0x0000000000000000                ztest_verify_all_test_suites_ran

.text.ztest_run_all
                0x0000000000000000       0x5c
 .text.ztest_run_all
                0x0000000000000000       0x5c zephyr/subsys/testsuite/ztest/libsubsys__testsuite__ztest.a(ztest.c.obj)
                0x0000000000000000                ztest_run_all

.text.test_main
                0x0000000000000000       0x5b
 .text.test_main
                0x0000000000000000       0x5b zephyr/subsys/testsuite/ztest/libsubsys__testsuite__ztest.a(ztest.c.obj)
                0x0000000000000000                test_main

.text.main      0x0000000000000000       0x7b
 .text.main     0x0000000000000000       0x7b zephyr/subsys/testsuite/ztest/libsubsys__testsuite__ztest.a(ztest.c.obj)
                0x0000000000000000                main

.text.ztest_run_test_suites
                0x0000000000000000       0x69
 .text.ztest_run_test_suites
                0x0000000000000000       0x69 zephyr/subsys/testsuite/ztest/libsubsys__testsuite__ztest.a(ztest_posix.c.obj)

.text.add_test_filter_option
                0x0000000000000000       0x3a
 .text.add_test_filter_option
                0x0000000000000000       0x3a zephyr/subsys/testsuite/ztest/libsubsys__testsuite__ztest.a(ztest_posix.c.obj)

.text.ztest_relative_filename
                0x0000000000000000      0x105
 .text.ztest_relative_filename
                0x0000000000000000      0x105 zephyr/subsys/testsuite/ztest/libsubsys__testsuite__ztest.a(ztest_posix.c.obj)
                0x0000000000000000                ztest_relative_filename

.text.z_ztest_get_list_test
                0x0000000000000000       0x1f
 .text.z_ztest_get_list_test
                0x0000000000000000       0x1f zephyr/subsys/testsuite/ztest/libsubsys__testsuite__ztest.a(ztest_posix.c.obj)
                0x0000000000000000                z_ztest_get_list_test

.text.z_ztest_list_tests
                0x0000000000000000      0x119
 .text.z_ztest_list_tests
                0x0000000000000000      0x119 zephyr/subsys/testsuite/ztest/libsubsys__testsuite__ztest.a(ztest_posix.c.obj)
                0x0000000000000000                z_ztest_list_tests

.text.z_ztest_run_all
                0x0000000000000000       0x9a
 .text.z_ztest_run_all
                0x0000000000000000       0x9a zephyr/subsys/testsuite/ztest/libsubsys__testsuite__ztest.a(ztest_posix.c.obj)
                0x0000000000000000                z_ztest_run_all

.text.z_ztest_testargs_contains
                0x0000000000000000      0x2b4
 .text.z_ztest_testargs_contains
                0x0000000000000000      0x2b4 zephyr/subsys/testsuite/ztest/libsubsys__testsuite__ztest.a(ztest_posix.c.obj)

.text.z_ztest_should_test_run
                0x0000000000000000       0x98
 .text.z_ztest_should_test_run
                0x0000000000000000       0x98 zephyr/subsys/testsuite/ztest/libsubsys__testsuite__ztest.a(ztest_posix.c.obj)
                0x0000000000000000                z_ztest_should_test_run

.text.z_ztest_should_suite_run